CACHE train 500 12000 seconds 4
CACHE train 1000 12000 seconds 6
CACHE train 1500 12000 seconds 8
CACHE train 2000 12000 seconds 10
CACHE train 2500 12000 seconds 13
CACHE train 3000 12000 seconds 15
CACHE train 3500 12000 seconds 17
CACHE train 4000 12000 seconds 20
CACHE train 4500 12000 seconds 22
CACHE train 5000 12000 seconds 24
CACHE train 5500 12000 seconds 26
CACHE train 6000 12000 seconds 28
CACHE train 6500 12000 seconds 31
CACHE train 7000 12000 seconds 33
CACHE train 7500 12000 seconds 35
CACHE train 8000 12000 seconds 37
CACHE train 8500 12000 seconds 40
CACHE train 9000 12000 seconds 42
CACHE train 9500 12000 seconds 44
CACHE train 10000 12000 seconds 47
CACHE train 10500 12000 seconds 49
CACHE train 11000 12000 seconds 51
CACHE train 11500 12000 seconds 54
CACHE train 12000 12000 seconds 56
CACHE selection 500 800 seconds 4
