RAW selection: retained 1174/1200
features selection: 200/1200, 2s
features selection: 400/1200, 4s
features selection: 600/1200, 6s
features selection: 800/1200, 8s
features selection: 1000/1200, 9s
features selection: 1200/1200, 11s
selection: 1174 participants, (4696, 5, 309) single, (4696, 618) bundle
/Library/Frameworks/Python.framework/Versions/3.13/lib/python3.13/site-packages/sklearn/metrics/_classification.py:259: UserWarning: The y_prob values do not sum to one. Make sure to pass probabilities.
  warnings.warn(
/Library/Frameworks/Python.framework/Versions/3.13/lib/python3.13/site-packages/sklearn/metrics/_classification.py:259: UserWarning: The y_prob values do not sum to one. Make sure to pass probabilities.
  warnings.warn(
/Library/Frameworks/Python.framework/Versions/3.13/lib/python3.13/site-packages/sklearn/metrics/_classification.py:259: UserWarning: The y_prob values do not sum to one. Make sure to pass probabilities.
  warnings.warn(
/Library/Frameworks/Python.framework/Versions/3.13/lib/python3.13/site-packages/sklearn/metrics/_classification.py:259: UserWarning: The y_prob values do not sum to one. Make sure to pass probabilities.
  warnings.warn(
/Library/Frameworks/Python.framework/Versions/3.13/lib/python3.13/site-packages/sklearn/metrics/_classification.py:259: UserWarning: The y_prob values do not sum to one. Make sure to pass probabilities.
  warnings.warn(
/Library/Frameworks/Python.framework/Versions/3.13/lib/python3.13/site-packages/sklearn/metrics/_classification.py:259: UserWarning: The y_prob values do not sum to one. Make sure to pass probabilities.
  warnings.warn(
/Library/Frameworks/Python.framework/Versions/3.13/lib/python3.13/site-packages/sklearn/metrics/_classification.py:259: UserWarning: The y_prob values do not sum to one. Make sure to pass probabilities.
  warnings.warn(
/Library/Frameworks/Python.framework/Versions/3.13/lib/python3.13/site-packages/sklearn/metrics/_classification.py:259: UserWarning: The y_prob values do not sum to one. Make sure to pass probabilities.
  warnings.warn(
/Library/Frameworks/Python.framework/Versions/3.13/lib/python3.13/site-packages/sklearn/metrics/_classification.py:259: UserWarning: The y_prob values do not sum to one. Make sure to pass probabilities.
  warnings.warn(
/Library/Frameworks/Python.framework/Versions/3.13/lib/python3.13/site-packages/sklearn/metrics/_classification.py:259: UserWarning: The y_prob values do not sum to one. Make sure to pass probabilities.
  warnings.warn(
/Library/Frameworks/Python.framework/Versions/3.13/lib/python3.13/site-packages/sklearn/metrics/_classification.py:259: UserWarning: The y_prob values do not sum to one. Make sure to pass probabilities.
  warnings.warn(
/Library/Frameworks/Python.framework/Versions/3.13/lib/python3.13/site-packages/sklearn/metrics/_classification.py:259: UserWarning: The y_prob values do not sum to one. Make sure to pass probabilities.
  warnings.warn(
/Library/Frameworks/Python.framework/Versions/3.13/lib/python3.13/site-packages/sklearn/metrics/_classification.py:259: UserWarning: The y_prob values do not sum to one. Make sure to pass probabilities.
  warnings.warn(
/Library/Frameworks/Python.framework/Versions/3.13/lib/python3.13/site-packages/sklearn/metrics/_classification.py:259: UserWarning: The y_prob values do not sum to one. Make sure to pass probabilities.
  warnings.warn(
/Library/Frameworks/Python.framework/Versions/3.13/lib/python3.13/site-packages/sklearn/metrics/_classification.py:259: UserWarning: The y_prob values do not sum to one. Make sure to pass probabilities.
  warnings.warn(
/Library/Frameworks/Python.framework/Versions/3.13/lib/python3.13/site-packages/sklearn/metrics/_classification.py:259: UserWarning: The y_prob values do not sum to one. Make sure to pass probabilities.
  warnings.warn(
/Library/Frameworks/Python.framework/Versions/3.13/lib/python3.13/site-packages/sklearn/metrics/_classification.py:259: UserWarning: The y_prob values do not sum to one. Make sure to pass probabilities.
  warnings.warn(
/Library/Frameworks/Python.framework/Versions/3.13/lib/python3.13/site-packages/sklearn/metrics/_classification.py:259: UserWarning: The y_prob values do not sum to one. Make sure to pass probabilities.
  warnings.warn(
/Library/Frameworks/Python.framework/Versions/3.13/lib/python3.13/site-packages/sklearn/metrics/_classification.py:259: UserWarning: The y_prob values do not sum to one. Make sure to pass probabilities.
  warnings.warn(
/Library/Frameworks/Python.framework/Versions/3.13/lib/python3.13/site-packages/sklearn/metrics/_classification.py:259: UserWarning: The y_prob values do not sum to one. Make sure to pass probabilities.
  warnings.warn(
/Library/Frameworks/Python.framework/Versions/3.13/lib/python3.13/site-packages/sklearn/metrics/_classification.py:259: UserWarning: The y_prob values do not sum to one. Make sure to pass probabilities.
  warnings.warn(
/Library/Frameworks/Python.framework/Versions/3.13/lib/python3.13/site-packages/sklearn/metrics/_classification.py:259: UserWarning: The y_prob values do not sum to one. Make sure to pass probabilities.
  warnings.warn(
/Library/Frameworks/Python.framework/Versions/3.13/lib/python3.13/site-packages/sklearn/metrics/_classification.py:259: UserWarning: The y_prob values do not sum to one. Make sure to pass probabilities.
  warnings.warn(
/Library/Frameworks/Python.framework/Versions/3.13/lib/python3.13/site-packages/sklearn/metrics/_classification.py:259: UserWarning: The y_prob values do not sum to one. Make sure to pass probabilities.
  warnings.warn(
/Library/Frameworks/Python.framework/Versions/3.13/lib/python3.13/site-packages/sklearn/metrics/_classification.py:259: UserWarning: The y_prob values do not sum to one. Make sure to pass probabilities.
  warnings.warn(
/Library/Frameworks/Python.framework/Versions/3.13/lib/python3.13/site-packages/sklearn/metrics/_classification.py:259: UserWarning: The y_prob values do not sum to one. Make sure to pass probabilities.
  warnings.warn(
/Library/Frameworks/Python.framework/Versions/3.13/lib/python3.13/site-packages/sklearn/metrics/_classification.py:259: UserWarning: The y_prob values do not sum to one. Make sure to pass probabilities.
  warnings.warn(
/Library/Frameworks/Python.framework/Versions/3.13/lib/python3.13/site-packages/sklearn/metrics/_classification.py:259: UserWarning: The y_prob values do not sum to one. Make sure to pass probabilities.
  warnings.warn(
RAW calibration: retained 971/1000
features calibration: 200/1000, 2s
features calibration: 400/1000, 4s
features calibration: 600/1000, 6s
features calibration: 800/1000, 8s
features calibration: 1000/1000, 10s
calibration: 971 participants, (3884, 5, 309) single, (3884, 618) bundle
/Library/Frameworks/Python.framework/Versions/3.13/lib/python3.13/site-packages/sklearn/metrics/_classification.py:259: UserWarning: The y_prob values do not sum to one. Make sure to pass probabilities.
  warnings.warn(
FROZEN {"weights": [0.5, 0.25, 0.25], "selection_accuracy": 0.5652470187393527, "selection_log_loss": 0.945354349950448, "sequence_epochs": [82, 44], "temperature": 0.9672854360975043, "budget": "single"}
/Library/Frameworks/Python.framework/Versions/3.13/lib/python3.13/site-packages/sklearn/metrics/_classification.py:259: UserWarning: The y_prob values do not sum to one. Make sure to pass probabilities.
  warnings.warn(
FROZEN {"weights": [0.5, 0.25, 0.25], "selection_accuracy": 0.6533219761499148, "selection_log_loss": 0.7574317101431791, "sequence_epochs": [96, 44], "temperature": 0.9215553110497479, "budget": "bundle"}
