DEVICE requested=mps mps_available=True classifier=sklearn-cpu
REGISTER_PROGRESS train kept 183 skipped 317
REGISTER_PROGRESS train kept 362 skipped 638
REGISTER_PROGRESS train kept 548 skipped 952
REGISTER_PROGRESS train kept 743 skipped 1257
REGISTER_PROGRESS train kept 931 skipped 1569
REGISTER_PROGRESS train kept 1126 skipped 1874
REGISTER_PROGRESS train kept 1308 skipped 2192
REGISTER_PROGRESS train kept 1500 skipped 2500
REGISTER_PROGRESS train kept 1680 skipped 2820
REGISTER_PROGRESS train kept 1880 skipped 3120
REGISTER_PROGRESS train kept 2065 skipped 3435
REGISTER_PROGRESS train kept 2242 skipped 3758
REGISTER_PROGRESS train kept 2435 skipped 4065
REGISTER_PROGRESS train kept 2632 skipped 4368
REGISTER_PROGRESS train kept 2811 skipped 4689
REGISTER_PROGRESS train kept 2997 skipped 5003
REGISTER_PROGRESS train kept 3204 skipped 5296
REGISTER_PROGRESS train kept 3375 skipped 5625
REGISTER_PROGRESS train kept 3561 skipped 5939
REGISTER_PROGRESS train kept 3745 skipped 6255
REGISTER_PROGRESS train kept 3928 skipped 6572
REGISTER_PROGRESS train kept 4130 skipped 6870
REGISTER_PROGRESS train kept 4318 skipped 7182
REGISTER_PROGRESS train kept 4508 skipped 7492
REGISTER_PROGRESS train kept 4703 skipped 7797
REGISTER_PROGRESS train kept 4881 skipped 8119
REGISTER_PROGRESS train kept 5073 skipped 8427
REGISTER_PROGRESS train kept 5255 skipped 8745
REGISTER_PROGRESS train kept 5449 skipped 9051
REGISTER_PROGRESS train kept 5639 skipped 9361
REGISTER_PROGRESS train kept 5831 skipped 9669
REGISTER_PROGRESS train kept 6030 skipped 9970
REGISTER_PROGRESS train kept 6203 skipped 10297
REGISTER_PROGRESS train kept 6394 skipped 10606
REGISTER_PROGRESS train kept 6587 skipped 10913
REGISTER_PROGRESS train kept 6776 skipped 11224
REGISTER_PROGRESS train kept 6966 skipped 11534
REGISTER_PROGRESS train kept 7146 skipped 11854
REGISTER_PROGRESS train kept 7330 skipped 12170
REGISTER_PROGRESS train kept 7506 skipped 12494
REGISTER_PROGRESS train kept 7709 skipped 12791
REGISTER_PROGRESS train kept 7909 skipped 13091
REGISTER_PROGRESS train kept 8103 skipped 13397
REGISTER_PROGRESS train kept 8276 skipped 13724
REGISTER_PROGRESS train kept 8476 skipped 14024
REGISTER_PROGRESS train kept 8662 skipped 14338
REGISTER_PROGRESS train kept 8863 skipped 14637
REGISTER_PROGRESS train kept 9050 skipped 14950
REGISTER_PROGRESS train kept 9239 skipped 15261
REGISTER_PROGRESS train kept 9432 skipped 15568
REGISTER_PROGRESS train kept 9614 skipped 15886
REGISTER_PROGRESS train kept 9803 skipped 16197
REGISTER_PROGRESS train kept 9993 skipped 16507
REGISTER_PROGRESS train kept 10158 skipped 16842
REGISTER_PROGRESS train kept 10345 skipped 17155
REGISTER_PROGRESS train kept 10537 skipped 17463
REGISTER_PROGRESS train kept 10726 skipped 17774
REGISTER_PROGRESS train kept 10905 skipped 18095
REGISTER_PROGRESS train kept 11101 skipped 18399
REGISTER_PROGRESS train kept 11285 skipped 18715
REGISTER_PROGRESS train kept 11479 skipped 19021
REGISTER_PROGRESS train kept 11667 skipped 19333
REGISTER_PROGRESS train kept 11847 skipped 19653
REGISTER_PROGRESS train kept 12034 skipped 19966
REGISTER_PROGRESS train kept 12234 skipped 20266
REGISTER_PROGRESS train kept 12401 skipped 20599
REGISTER_PROGRESS train kept 12578 skipped 20922
REGISTER_PROGRESS train kept 12762 skipped 21238
REGISTER_PROGRESS train kept 12973 skipped 21527
REGISTER_PROGRESS train kept 13167 skipped 21833
REGISTER_PROGRESS train kept 13366 skipped 22134
REGISTER_PROGRESS train kept 13572 skipped 22428
REGISTER_PROGRESS train kept 13759 skipped 22741
REGISTER_PROGRESS train kept 13944 skipped 23056
REGISTER_PROGRESS train kept 14136 skipped 23364
REGISTER_PROGRESS train kept 14338 skipped 23662
REGISTER_PROGRESS train kept 14532 skipped 23968
REGISTER_PROGRESS train kept 14721 skipped 24279
REGISTER_PROGRESS train kept 14904 skipped 24596
REGISTER_PROGRESS train kept 15111 skipped 24889
REGISTER_PROGRESS train kept 15315 skipped 25185
REGISTER_PROGRESS train kept 15496 skipped 25504
REGISTER_PROGRESS train kept 15692 skipped 25808
REGISTER_PROGRESS train kept 15865 skipped 26135
REGISTER_PROGRESS train kept 16079 skipped 26421
REGISTER_PROGRESS train kept 16270 skipped 26730
REGISTER_PROGRESS train kept 16470 skipped 27030
REGISTER_PROGRESS train kept 16656 skipped 27344
REGISTER_PROGRESS train kept 16841 skipped 27659
REGISTER_PROGRESS train kept 17031 skipped 27969
REGISTER_PROGRESS train kept 17236 skipped 28264
REGISTER_PROGRESS train kept 17418 skipped 28582
REGISTER_PROGRESS train kept 17590 skipped 28910
REGISTER_PROGRESS train kept 17777 skipped 29223
REGISTER_PROGRESS train kept 17956 skipped 29544
REGISTER_PROGRESS train kept 18139 skipped 29861
REGISTER_PROGRESS train kept 18337 skipped 30163
REGISTER_PROGRESS train kept 18513 skipped 30487
REGISTER_PROGRESS train kept 18718 skipped 30782
REGISTER_PROGRESS train kept 18894 skipped 31106
REGISTER_PROGRESS train kept 19066 skipped 31434
REGISTER_PROGRESS train kept 19290 skipped 31710
REGISTER_PROGRESS train kept 19465 skipped 32035
REGISTER_PROGRESS train kept 19660 skipped 32340
REGISTER_PROGRESS train kept 19855 skipped 32645
REGISTER_PROGRESS train kept 20037 skipped 32963
REGISTER_PROGRESS train kept 20225 skipped 33275
REGISTER_PROGRESS train kept 20419 skipped 33581
REGISTER_PROGRESS train kept 20604 skipped 33896
REGISTER_PROGRESS train kept 20774 skipped 34226
REGISTER_PROGRESS train kept 20977 skipped 34523
REGISTER_PROGRESS train kept 21146 skipped 34854
REGISTER_PROGRESS train kept 21327 skipped 35173
REGISTER_PROGRESS train kept 21537 skipped 35463
REGISTER_PROGRESS train kept 21731 skipped 35769
REGISTER_PROGRESS train kept 21928 skipped 36072
REGISTER_PROGRESS train kept 22106 skipped 36394
REGISTER_PROGRESS train kept 22295 skipped 36705
REGISTER_PROGRESS train kept 22479 skipped 37021
REGISTER_PROGRESS train kept 22661 skipped 37339
REGISTER_PROGRESS train kept 22869 skipped 37631
REGISTER_PROGRESS train kept 23039 skipped 37961
REGISTER_PROGRESS train kept 23238 skipped 38262
REGISTER_PROGRESS train kept 23434 skipped 38566
REGISTER_PROGRESS train kept 23626 skipped 38874
REGISTER_PROGRESS train kept 23817 skipped 39183
REGISTER_PROGRESS train kept 23990 skipped 39510
REGISTER_PROGRESS train kept 24177 skipped 39823
REGISTER_PROGRESS train kept 24337 skipped 40163
REGISTER_PROGRESS train kept 24526 skipped 40474
REGISTER_PROGRESS train kept 24714 skipped 40786
REGISTER_PROGRESS train kept 24904 skipped 41096
REGISTER_PROGRESS train kept 25089 skipped 41411
REGISTER_PROGRESS train kept 25293 skipped 41707
REGISTER_PROGRESS train kept 25494 skipped 42006
REGISTER_PROGRESS train kept 25683 skipped 42317
REGISTER_PROGRESS train kept 25876 skipped 42624
REGISTER_PROGRESS train kept 26070 skipped 42930
REGISTER_PROGRESS train kept 26266 skipped 43234
REGISTER_PROGRESS train kept 26449 skipped 43551
REGISTER_PROGRESS train kept 26653 skipped 43847
REGISTER_PROGRESS train kept 26866 skipped 44134
REGISTER_PROGRESS train kept 27058 skipped 44442
REGISTER_PROGRESS train kept 27239 skipped 44761
REGISTER_PROGRESS train kept 27424 skipped 45076
REGISTER_PROGRESS train kept 27604 skipped 45396
REGISTER_PROGRESS train kept 27782 skipped 45718
REGISTER_PROGRESS train kept 27969 skipped 46031
REGISTER_PROGRESS train kept 28151 skipped 46349
REGISTER_PROGRESS train kept 28347 skipped 46653
REGISTER_PROGRESS train kept 28546 skipped 46954
REGISTER_PROGRESS train kept 28737 skipped 47263
REGISTER_PROGRESS train kept 28923 skipped 47577
REGISTER_PROGRESS train kept 29131 skipped 47869
REGISTER_PROGRESS train kept 29304 skipped 48196
REGISTER_PROGRESS train kept 29514 skipped 48486
REGISTER_PROGRESS train kept 29688 skipped 48812
REGISTER_PROGRESS train kept 29869 skipped 49131
REGISTER_PROGRESS train kept 30060 skipped 49440
REGISTER_PROGRESS train kept 30225 skipped 49775
REGISTER_PROGRESS train kept 30419 skipped 50081
REGISTER_PROGRESS train kept 30621 skipped 50379
REGISTER_PROGRESS train kept 30799 skipped 50701
REGISTER_PROGRESS train kept 30967 skipped 51033
REGISTER_PROGRESS train kept 31155 skipped 51345
REGISTER_PROGRESS train kept 31352 skipped 51648
REGISTER_PROGRESS train kept 31561 skipped 51939
REGISTER_PROGRESS train kept 31746 skipped 52254
REGISTER_PROGRESS train kept 31968 skipped 52532
REGISTER_PROGRESS train kept 32147 skipped 52853
REGISTER_PROGRESS train kept 32329 skipped 53171
REGISTER_PROGRESS train kept 32509 skipped 53491
REGISTER_PROGRESS train kept 32697 skipped 53803
REGISTER_PROGRESS train kept 32901 skipped 54099
REGISTER_PROGRESS train kept 33082 skipped 54418
REGISTER_PROGRESS train kept 33264 skipped 54736
REGISTER_PROGRESS train kept 33445 skipped 55055
REGISTER_PROGRESS train kept 33638 skipped 55362
REGISTER_PROGRESS train kept 33817 skipped 55683
REGISTER_PROGRESS train kept 34018 skipped 55982
REGISTER_PROGRESS train kept 34178 skipped 56322
REGISTER_PROGRESS train kept 34367 skipped 56633
REGISTER_PROGRESS train kept 34560 skipped 56940
REGISTER_PROGRESS train kept 34734 skipped 57266
REGISTER_PROGRESS train kept 34923 skipped 57577
REGISTER_PROGRESS train kept 35126 skipped 57874
REGISTER_PROGRESS train kept 35311 skipped 58189
REGISTER_PROGRESS train kept 35477 skipped 58523
REGISTER_PROGRESS train kept 35667 skipped 58833
REGISTER_PROGRESS train kept 35859 skipped 59141
REGISTER_PROGRESS train kept 36036 skipped 59464
REGISTER_PROGRESS train kept 36233 skipped 59767
REGISTER_PROGRESS train kept 36442 skipped 60058
REGISTER_PROGRESS train kept 36640 skipped 60360
REGISTER_PROGRESS train kept 36823 skipped 60677
REGISTER_PROGRESS train kept 36996 skipped 61004
REGISTER_PROGRESS train kept 37186 skipped 61314
REGISTER_PROGRESS train kept 37374 skipped 61626
REGISTER_PROGRESS train kept 37546 skipped 61954
REGISTER_PROGRESS train kept 37754 skipped 62246
REGISTER_PROGRESS train kept 37941 skipped 62559
REGISTER_PROGRESS train kept 38122 skipped 62878
REGISTER_PROGRESS train kept 38313 skipped 63187
REGISTER_PROGRESS train kept 38515 skipped 63485
REGISTER_PROGRESS train kept 38676 skipped 63824
REGISTER_PROGRESS train kept 38866 skipped 64134
REGISTER_PROGRESS train kept 39061 skipped 64439
REGISTER_PROGRESS train kept 39253 skipped 64747
REGISTER_PROGRESS train kept 39451 skipped 65049
REGISTER_PROGRESS train kept 39650 skipped 65350
REGISTER_PROGRESS train kept 39844 skipped 65656
REGISTER_PROGRESS train kept 40028 skipped 65972
REGISTER_PROGRESS train kept 40217 skipped 66283
REGISTER_PROGRESS train kept 40391 skipped 66609
REGISTER_PROGRESS train kept 40565 skipped 66935
REGISTER_PROGRESS train kept 40758 skipped 67242
REGISTER_PROGRESS train kept 40926 skipped 67574
REGISTER_PROGRESS train kept 41093 skipped 67907
REGISTER_PROGRESS train kept 41289 skipped 68211
REGISTER_PROGRESS train kept 41483 skipped 68517
REGISTER_PROGRESS train kept 41677 skipped 68823
REGISTER_PROGRESS train kept 41863 skipped 69137
REGISTER_PROGRESS train kept 42039 skipped 69461
REGISTER_PROGRESS train kept 42217 skipped 69783
REGISTER_PROGRESS train kept 42386 skipped 70114
REGISTER_PROGRESS train kept 42583 skipped 70417
REGISTER_PROGRESS train kept 42772 skipped 70728
REGISTER_PROGRESS train kept 42969 skipped 71031
REGISTER_PROGRESS train kept 43163 skipped 71337
REGISTER_PROGRESS train kept 43342 skipped 71658
REGISTER_PROGRESS train kept 43515 skipped 71985
REGISTER_PROGRESS train kept 43694 skipped 72306
REGISTER_PROGRESS train kept 43885 skipped 72615
REGISTER_PROGRESS train kept 44078 skipped 72922
REGISTER_PROGRESS train kept 44269 skipped 73231
REGISTER_PROGRESS train kept 44445 skipped 73555
REGISTER_PROGRESS train kept 44643 skipped 73857
REGISTER_PROGRESS train kept 44811 skipped 74189
REGISTER_PROGRESS train kept 44975 skipped 74525
REGISTER_PROGRESS train kept 45183 skipped 74817
REGISTER_PROGRESS train kept 45365 skipped 75135
REGISTER_PROGRESS train kept 45551 skipped 75449
REGISTER_PROGRESS train kept 45743 skipped 75757
REGISTER_PROGRESS train kept 45943 skipped 76057
REGISTER_PROGRESS train kept 46142 skipped 76358
REGISTER_PROGRESS train kept 46311 skipped 76689
REGISTER_PROGRESS train kept 46516 skipped 76984
REGISTER_PROGRESS train kept 46695 skipped 77305
REGISTER_PROGRESS train kept 46874 skipped 77626
REGISTER_PROGRESS train kept 47080 skipped 77920
REGISTER_PROGRESS train kept 47276 skipped 78224
REGISTER_PROGRESS train kept 47455 skipped 78545
REGISTER_PROGRESS train kept 47663 skipped 78837
REGISTER_PROGRESS train kept 47850 skipped 79150
REGISTER_PROGRESS train kept 48048 skipped 79452
REGISTER_PROGRESS train kept 48230 skipped 79770
REGISTER_PROGRESS train kept 48425 skipped 80075
REGISTER_PROGRESS train kept 48625 skipped 80375
REGISTER_PROGRESS train kept 48798 skipped 80702
REGISTER_PROGRESS train kept 48984 skipped 81016
REGISTER_PROGRESS train kept 49166 skipped 81334
REGISTER_PROGRESS train kept 49332 skipped 81668
REGISTER_PROGRESS train kept 49522 skipped 81978
REGISTER_PROGRESS train kept 49716 skipped 82284
REGISTER_PROGRESS train kept 49899 skipped 82601
REGISTER_PROGRESS train kept 50082 skipped 82918
REGISTER_PROGRESS train kept 50269 skipped 83231
REGISTER_PROGRESS train kept 50455 skipped 83545
REGISTER_PROGRESS train kept 50651 skipped 83849
REGISTER_PROGRESS train kept 50834 skipped 84166
REGISTER_PROGRESS train kept 51014 skipped 84486
REGISTER_PROGRESS train kept 51224 skipped 84776
REGISTER_PROGRESS train kept 51418 skipped 85082
REGISTER_PROGRESS train kept 51589 skipped 85411
REGISTER_PROGRESS train kept 51759 skipped 85741
REGISTER_PROGRESS train kept 51938 skipped 86062
REGISTER_PROGRESS train kept 52142 skipped 86358
REGISTER_PROGRESS train kept 52328 skipped 86672
REGISTER_PROGRESS train kept 52533 skipped 86967
REGISTER_PROGRESS train kept 52745 skipped 87255
REGISTER_PROGRESS train kept 52922 skipped 87578
REGISTER_PROGRESS train kept 53128 skipped 87872
REGISTER_PROGRESS train kept 53316 skipped 88184
REGISTER_PROGRESS train kept 53488 skipped 88512
REGISTER_PROGRESS train kept 53668 skipped 88832
REGISTER_PROGRESS train kept 53852 skipped 89148
REGISTER_PROGRESS train kept 54004 skipped 89496
REGISTER_PROGRESS train kept 54203 skipped 89797
REGISTER_PROGRESS train kept 54396 skipped 90104
REGISTER_PROGRESS train kept 54599 skipped 90401
REGISTER_PROGRESS train kept 54789 skipped 90711
REGISTER_PROGRESS train kept 54986 skipped 91014
REGISTER_PROGRESS train kept 55168 skipped 91332
REGISTER_PROGRESS train kept 55353 skipped 91647
REGISTER_PROGRESS train kept 55536 skipped 91964
REGISTER_PROGRESS train kept 55722 skipped 92278
REGISTER train 55732 skipped 92295
REGISTER_PROGRESS selection kept 183 skipped 317
REGISTER_PROGRESS selection kept 365 skipped 635
REGISTER_PROGRESS selection kept 576 skipped 924
REGISTER_PROGRESS selection kept 756 skipped 1244
REGISTER_PROGRESS selection kept 943 skipped 1557
REGISTER_PROGRESS selection kept 1149 skipped 1851
REGISTER selection 1306 skipped 2141
REGISTER_PROGRESS held kept 189 skipped 311
REGISTER_PROGRESS held kept 385 skipped 615
REGISTER_PROGRESS held kept 569 skipped 931
REGISTER_PROGRESS held kept 739 skipped 1261
REGISTER_PROGRESS held kept 923 skipped 1577
REGISTER_PROGRESS held kept 1121 skipped 1879
REGISTER_PROGRESS held kept 1320 skipped 2180
REGISTER_PROGRESS held kept 1490 skipped 2510
REGISTER_PROGRESS held kept 1675 skipped 2825
REGISTER_PROGRESS held kept 1880 skipped 3120
REGISTER_PROGRESS held kept 2067 skipped 3433
REGISTER_PROGRESS held kept 2285 skipped 3715
REGISTER_PROGRESS held kept 2473 skipped 4027
REGISTER_PROGRESS held kept 2647 skipped 4353
REGISTER_PROGRESS held kept 2850 skipped 4650
REGISTER_PROGRESS held kept 3038 skipped 4962
REGISTER_PROGRESS held kept 3237 skipped 5263
REGISTER_PROGRESS held kept 3427 skipped 5573
REGISTER_PROGRESS held kept 3621 skipped 5879
REGISTER_PROGRESS held kept 3809 skipped 6191
REGISTER_PROGRESS held kept 3997 skipped 6503
REGISTER_PROGRESS held kept 4187 skipped 6813
REGISTER_PROGRESS held kept 4376 skipped 7124
REGISTER_PROGRESS held kept 4569 skipped 7431
REGISTER_PROGRESS held kept 4752 skipped 7748
REGISTER_PROGRESS held kept 4931 skipped 8069
REGISTER held 4974 skipped 8145
REGISTER calibration 1034
REGISTER validation 1202
REGISTER test 2738
WINDOWS train 500 55732 4
WINDOWS train 1000 55732 6
WINDOWS train 1500 55732 7
WINDOWS train 2000 55732 9
WINDOWS train 2500 55732 11
WINDOWS train 3000 55732 13
WINDOWS train 3500 55732 14
WINDOWS train 4000 55732 16
WINDOWS train 4500 55732 18
WINDOWS train 5000 55732 19
WINDOWS train 5500 55732 21
WINDOWS train 6000 55732 23
WINDOWS train 6500 55732 25
WINDOWS train 7000 55732 26
WINDOWS train 7500 55732 28
WINDOWS train 8000 55732 30
WINDOWS train 8500 55732 32
WINDOWS train 9000 55732 33
WINDOWS train 9500 55732 35
WINDOWS train 10000 55732 37
WINDOWS train 10500 55732 39
WINDOWS train 11000 55732 40
WINDOWS train 11500 55732 42
WINDOWS train 12000 55732 44
WINDOWS train 12500 55732 46
WINDOWS train 13000 55732 48
WINDOWS train 13500 55732 50
WINDOWS train 14000 55732 51
WINDOWS train 14500 55732 53
WINDOWS train 15000 55732 55
WINDOWS train 15500 55732 57
WINDOWS train 16000 55732 59
WINDOWS train 16500 55732 61
WINDOWS train 17000 55732 62
WINDOWS train 17500 55732 64
WINDOWS train 18000 55732 66
WINDOWS train 18500 55732 68
WINDOWS train 19000 55732 69
WINDOWS train 19500 55732 71
WINDOWS train 20000 55732 73
WINDOWS train 20500 55732 75
WINDOWS train 21000 55732 76
WINDOWS train 21500 55732 78
WINDOWS train 22000 55732 80
WINDOWS train 22500 55732 82
WINDOWS train 23000 55732 83
WINDOWS train 23500 55732 85
WINDOWS train 24000 55732 87
WINDOWS train 24500 55732 89
WINDOWS train 25000 55732 90
WINDOWS train 25500 55732 92
WINDOWS train 26000 55732 94
WINDOWS train 26500 55732 96
WINDOWS train 27000 55732 97
WINDOWS train 27500 55732 99
WINDOWS train 28000 55732 101
WINDOWS train 28500 55732 103
WINDOWS train 29000 55732 104
WINDOWS train 29500 55732 106
WINDOWS train 30000 55732 108
WINDOWS train 30500 55732 110
WINDOWS train 31000 55732 111
WINDOWS train 31500 55732 113
WINDOWS train 32000 55732 115
WINDOWS train 32500 55732 116
WINDOWS train 33000 55732 118
WINDOWS train 33500 55732 120
WINDOWS train 34000 55732 121
WINDOWS train 34500 55732 123
WINDOWS train 35000 55732 125
WINDOWS train 35500 55732 127
WINDOWS train 36000 55732 128
WINDOWS train 36500 55732 130
WINDOWS train 37000 55732 132
WINDOWS train 37500 55732 133
WINDOWS train 38000 55732 135
WINDOWS train 38500 55732 137
WINDOWS train 39000 55732 139
WINDOWS train 39500 55732 140
WINDOWS train 40000 55732 142
WINDOWS train 40500 55732 144
WINDOWS train 41000 55732 145
WINDOWS train 41500 55732 147
WINDOWS train 42000 55732 149
WINDOWS train 42500 55732 150
WINDOWS train 43000 55732 152
WINDOWS train 43500 55732 154
WINDOWS train 44000 55732 156
WINDOWS train 44500 55732 157
WINDOWS train 45000 55732 159
WINDOWS train 45500 55732 161
WINDOWS train 46000 55732 162
WINDOWS train 46500 55732 164
WINDOWS train 47000 55732 166
WINDOWS train 47500 55732 168
WINDOWS train 48000 55732 169
WINDOWS train 48500 55732 171
WINDOWS train 49000 55732 173
WINDOWS train 49500 55732 174
WINDOWS train 50000 55732 176
WINDOWS train 50500 55732 178
WINDOWS train 51000 55732 180
WINDOWS train 51500 55732 181
WINDOWS train 52000 55732 183
WINDOWS train 52500 55732 185
WINDOWS train 53000 55732 187
WINDOWS train 53500 55732 188
WINDOWS train 54000 55732 190
WINDOWS train 54500 55732 192
WINDOWS train 55000 55732 193
WINDOWS train 55500 55732 195
WINDOWS selection 500 1306 4
WINDOWS selection 1000 1306 6
SIGNAL_AUDIT {"train": {"hold": {"quantiles_ms": [[-4.746909322216625, -3.472834712331928, -3.0384397683376076, -3.232196510001695], [0.028952365512395772, 3.00003774822072, 5.266251280883175, 8.000012510801042], [7.017043605593602, 11.000003777244448, 18.99998530489179, 33.49855767331474]], "normal_vs_mild_auc": 0.6397420275405842, "paired_mild_minus_normal_median_ms": 1.997106097370441, "participant_bootstrap_95ci_ms": [1.9882240739481392, 1.999995179686478]}, "press_to_press": {"quantiles_ms": [[-15.197991083104768, -13.000001940225609, -10.263505090138533, -5.999982189277768], [0.0, 1.9999960683375093, 4.53534974411356, 9.999997405739844], [15.498918705791647, 17.00000442611394, 21.494942162460756, 32.675952362816965]], "normal_vs_mild_auc": 0.5404050717731079, "paired_mild_minus_normal_median_ms": 1.3267359464831259, "participant_bootstrap_95ci_ms": [1.2824084137295002, 1.3969695464767518]}}, "selection": {"hold": {"quantiles_ms": [[-4.7488614290319795, -3.2404846996659913, -3.2515926375999413, -3.2078327012765016], [0.24369939198691526, 3.253051190187797, 5.993273867326419, 7.500670040254967], [7.249286389413651, 11.094362365004038, 20.375728801658905, 33.75186922324605]], "normal_vs_mild_auc": 0.6418649700170493, "paired_mild_minus_normal_median_ms": 2.0000084850722253, "participant_bootstrap_95ci_ms": [1.7677370139871584, 2.2621513780282925]}, "press_to_press": {"quantiles_ms": [[-14.993299694088641, -12.564051353044832, -9.50004678394302, -5.509858951153895], [0.0, 1.8053388611344694, 4.5000082246724205, 9.755703670631455], [15.999996008877417, 17.76157840893802, 21.6247895095487, 30.999994689822728]], "normal_vs_mild_auc": 0.5392744993656325, "paired_mild_minus_normal_median_ms": 1.3028823875140674, "participant_bootstrap_95ci_ms": [1.2029260270880269, 1.497884161566592]}}}
FEATURES train 2000 55732 2
FEATURES train 4000 55732 4
FEATURES train 6000 55732 6
FEATURES train 8000 55732 9
FEATURES train 10000 55732 11
FEATURES train 12000 55732 13
FEATURES train 14000 55732 15
FEATURES train 16000 55732 17
FEATURES train 18000 55732 19
FEATURES train 20000 55732 21
FEATURES train 22000 55732 23
FEATURES train 24000 55732 26
FEATURES train 26000 55732 28
FEATURES train 28000 55732 30
FEATURES train 30000 55732 32
FEATURES train 32000 55732 34
FEATURES train 34000 55732 36
FEATURES train 36000 55732 38
FEATURES train 38000 55732 40
FEATURES train 40000 55732 42
FEATURES train 42000 55732 45
FEATURES train 44000 55732 47
FEATURES train 46000 55732 49
FEATURES train 48000 55732 51
FEATURES train 50000 55732 53
FEATURES train 52000 55732 55
FEATURES train 54000 55732 57
CANDIDATE {"representation": "summary", "features": 618, "selection": {"accuracy": 0.6433767228177641, "log_loss": 0.7893568535567396}, "train_accuracy": 0.6641023110600732, "seconds": 163.10847112501506}
CANDIDATE {"representation": "distribution_only", "features": 825, "selection": {"accuracy": 0.6500765696784073, "log_loss": 0.7793661222288163}, "train_accuracy": 0.6725669274384555, "seconds": 187.81484754098346}
CANDIDATE {"representation": "augmented", "features": 1443, "selection": {"accuracy": 0.6621362940275651, "log_loss": 0.7527142776126492}, "train_accuracy": 0.6864234192205555, "seconds": 333.1827033329755}
WINDOWS calibration 500 1034 4
WINDOWS calibration 1000 1034 6
FROZEN augmented
