DEVICE requested=mps mps_available=True classifier=sklearn-cpu
HOLD train 500 55732 2
HOLD train 1000 55732 3
HOLD train 1500 55732 3
HOLD train 2000 55732 4
HOLD train 2500 55732 5
HOLD train 3000 55732 5
HOLD train 3500 55732 6
HOLD train 4000 55732 6
HOLD train 4500 55732 7
HOLD train 5000 55732 7
HOLD train 5500 55732 8
HOLD train 6000 55732 9
HOLD train 6500 55732 9
HOLD train 7000 55732 10
HOLD train 7500 55732 10
HOLD train 8000 55732 11
HOLD train 8500 55732 11
HOLD train 9000 55732 12
HOLD train 9500 55732 12
HOLD train 10000 55732 13
HOLD train 10500 55732 13
HOLD train 11000 55732 14
HOLD train 11500 55732 14
HOLD train 12000 55732 15
HOLD train 12500 55732 16
HOLD train 13000 55732 16
HOLD train 13500 55732 17
HOLD train 14000 55732 17
HOLD train 14500 55732 18
HOLD train 15000 55732 18
HOLD train 15500 55732 19
HOLD train 16000 55732 19
HOLD train 16500 55732 20
HOLD train 17000 55732 20
HOLD train 17500 55732 21
HOLD train 18000 55732 22
HOLD train 18500 55732 22
HOLD train 19000 55732 23
HOLD train 19500 55732 23
HOLD train 20000 55732 24
HOLD train 20500 55732 24
HOLD train 21000 55732 25
HOLD train 21500 55732 25
HOLD train 22000 55732 26
HOLD train 22500 55732 27
HOLD train 23000 55732 27
HOLD train 23500 55732 28
HOLD train 24000 55732 28
HOLD train 24500 55732 29
HOLD train 25000 55732 29
HOLD train 25500 55732 30
HOLD train 26000 55732 30
HOLD train 26500 55732 31
HOLD train 27000 55732 32
HOLD train 27500 55732 32
HOLD train 28000 55732 33
HOLD train 28500 55732 33
HOLD train 29000 55732 34
HOLD train 29500 55732 34
HOLD train 30000 55732 35
HOLD train 30500 55732 35
HOLD train 31000 55732 36
HOLD train 31500 55732 37
HOLD train 32000 55732 37
HOLD train 32500 55732 38
HOLD train 33000 55732 38
HOLD train 33500 55732 39
HOLD train 34000 55732 39
HOLD train 34500 55732 40
HOLD train 35000 55732 41
HOLD train 35500 55732 41
HOLD train 36000 55732 42
HOLD train 36500 55732 42
HOLD train 37000 55732 43
HOLD train 37500 55732 43
HOLD train 38000 55732 44
HOLD train 38500 55732 45
HOLD train 39000 55732 45
HOLD train 39500 55732 46
HOLD train 40000 55732 46
HOLD train 40500 55732 47
HOLD train 41000 55732 47
HOLD train 41500 55732 48
HOLD train 42000 55732 48
HOLD train 42500 55732 49
HOLD train 43000 55732 50
HOLD train 43500 55732 50
HOLD train 44000 55732 51
HOLD train 44500 55732 51
HOLD train 45000 55732 52
HOLD train 45500 55732 52
HOLD train 46000 55732 53
HOLD train 46500 55732 54
HOLD train 47000 55732 54
HOLD train 47500 55732 55
HOLD train 48000 55732 55
HOLD train 48500 55732 56
HOLD train 49000 55732 56
HOLD train 49500 55732 57
HOLD train 50000 55732 57
HOLD train 50500 55732 58
HOLD train 51000 55732 59
HOLD train 51500 55732 59
HOLD train 52000 55732 60
HOLD train 52500 55732 60
HOLD train 53000 55732 61
HOLD train 53500 55732 61
HOLD train 54000 55732 62
HOLD train 54500 55732 63
HOLD train 55000 55732 63
HOLD train 55500 55732 64
HOLD selection 500 1306 2
HOLD selection 1000 1306 3
SIGNAL_AUDIT {"train": {"hold": {"quantiles_ms": [[-4.746909322216625, -3.472834712331928, -3.0384397683376076, -3.232196510001695], [0.028952365512395772, 3.00003774822072, 5.266251280883175, 8.000012510801042], [7.017043605593602, 11.000003777244448, 18.99998530489179, 33.49855767331474]], "normal_vs_mild_auc": 0.6397420275405842, "paired_mild_minus_normal_median_ms": 1.997106097370441, "participant_bootstrap_95ci_ms": [1.9882240739481392, 1.999995179686478]}, "press_to_press": {"quantiles_ms": [[-15.197991083104768, -13.000001940225609, -10.263505090138533, -5.999982189277768], [0.0, 1.9999960683375093, 4.53534974411356, 9.999997405739844], [15.498918705791647, 17.00000442611394, 21.494942162460756, 32.675952362816965]], "normal_vs_mild_auc": 0.5404050717731079, "paired_mild_minus_normal_median_ms": 1.3267359464831259, "participant_bootstrap_95ci_ms": [1.2824084137295002, 1.3969695464767518]}, "hold_rate95_all": {"class_medians": [0.05292478948831558, 0.0670391097664833, 0.09703504294157028, 0.16155989468097687], "normal_vs_mild_auc": 0.6769847245668821, "paired_mild_minus_normal_median": 0.011080334894359112}, "hold_median_ratio": {"class_medians": [1.0, 1.0297508239746094, 1.0520833730697632, 1.0800000429153442], "normal_vs_mild_auc": 0.636718010738496}}, "selection": {"hold": {"quantiles_ms": [[-4.7488614290319795, -3.2404846996659913, -3.2515926375999413, -3.2078327012765016], [0.24369939198691526, 3.253051190187797, 5.993273867326419, 7.500670040254967], [7.249286389413651, 11.094362365004038, 20.375728801658905, 33.75186922324605]], "normal_vs_mild_auc": 0.6418649700170493, "paired_mild_minus_normal_median_ms": 2.0000084850722253, "participant_bootstrap_95ci_ms": [1.7677370139871584, 2.2621513780282925]}, "press_to_press": {"quantiles_ms": [[-14.993299694088641, -12.564051353044832, -9.50004678394302, -5.509858951153895], [0.0, 1.8053388611344694, 4.5000082246724205, 9.755703670631455], [15.999996008877417, 17.76157840893802, 21.6247895095487, 30.999994689822728]], "normal_vs_mild_auc": 0.5392744993656325, "paired_mild_minus_normal_median_ms": 1.3028823875140674, "participant_bootstrap_95ci_ms": [1.2029260270880269, 1.497884161566592]}, "hold_rate95_all": {"class_medians": [0.052851006388664246, 0.06609195470809937, 0.09874330461025238, 0.15789473056793213], "normal_vs_mild_auc": 0.6789329610772755, "paired_mild_minus_normal_median": 0.01133144460618496}, "hold_median_ratio": {"class_medians": [1.0, 1.03125, 1.057692289352417, 1.071685552597046], "normal_vs_mild_auc": 0.6426907616865499}}}
FEATURES train reused parent 222928
FEATURES selection reused parent 5224
CANDIDATE {"representation": "summary", "features": 618, "selection": {"accuracy": 0.6433767228177641, "log_loss": 0.7893568535567396}, "train_accuracy": 0.6641023110600732, "seconds": 158.44397887500236, "parent_selection_accuracy": 0.6433767228177641}
CANDIDATE {"representation": "hold", "features": 42, "selection": {"accuracy": 0.5423047473200613, "log_loss": 0.9869997921753378}, "train_accuracy": 0.5568075791286873, "seconds": 23.31951541599119}
CANDIDATE {"representation": "augmented", "features": 1443, "selection": {"accuracy": 0.6621362940275651, "log_loss": 0.7527142776126492}, "train_accuracy": 0.6864234192205555, "seconds": 333.012712457974, "parent_selection_accuracy": 0.6621362940275651}
CANDIDATE {"representation": "augmented_hold", "features": 1485, "selection": {"accuracy": 0.6598392036753445, "log_loss": 0.7457509895290917}, "train_accuracy": 0.6898281059355487, "seconds": 352.8048928749922}
HOLD calibration 500 1034 3
HOLD calibration 1000 1034 3
FEATURES calibration reused parent 4136
FROZEN augmented
