DEVICE requested=mps mps_available=True classifier=sklearn-cpu
REGISTER_PROGRESS train kept 170 skipped 330
REGISTER_PROGRESS train kept 367 skipped 633
REGISTER_PROGRESS train kept 547 skipped 953
REGISTER_PROGRESS train kept 736 skipped 1264
REGISTER_PROGRESS train kept 933 skipped 1567
REGISTER_PROGRESS train kept 1129 skipped 1871
REGISTER_PROGRESS train kept 1329 skipped 2171
REGISTER_PROGRESS train kept 1505 skipped 2495
REGISTER_PROGRESS train kept 1708 skipped 2792
REGISTER_PROGRESS train kept 1894 skipped 3106
REGISTER_PROGRESS train kept 2087 skipped 3413
REGISTER_PROGRESS train kept 2265 skipped 3735
REGISTER_PROGRESS train kept 2464 skipped 4036
REGISTER_PROGRESS train kept 2644 skipped 4356
REGISTER_PROGRESS train kept 2834 skipped 4666
REGISTER_PROGRESS train kept 3015 skipped 4985
REGISTER_PROGRESS train kept 3188 skipped 5312
REGISTER_PROGRESS train kept 3380 skipped 5620
REGISTER_PROGRESS train kept 3561 skipped 5939
REGISTER_PROGRESS train kept 3757 skipped 6243
REGISTER_PROGRESS train kept 3947 skipped 6553
REGISTER_PROGRESS train kept 4132 skipped 6868
REGISTER_PROGRESS train kept 4310 skipped 7190
REGISTER_PROGRESS train kept 4495 skipped 7505
REGISTER_PROGRESS train kept 4694 skipped 7806
REGISTER_PROGRESS train kept 4870 skipped 8130
REGISTER_PROGRESS train kept 5064 skipped 8436
REGISTER_PROGRESS train kept 5215 skipped 8785
REGISTER_PROGRESS train kept 5403 skipped 9097
REGISTER_PROGRESS train kept 5605 skipped 9395
REGISTER_PROGRESS train kept 5784 skipped 9716
REGISTER_PROGRESS train kept 5988 skipped 10012
REGISTER_PROGRESS train kept 6184 skipped 10316
REGISTER_PROGRESS train kept 6374 skipped 10626
REGISTER_PROGRESS train kept 6562 skipped 10938
REGISTER_PROGRESS train kept 6764 skipped 11236
REGISTER_PROGRESS train kept 6974 skipped 11526
REGISTER_PROGRESS train kept 7158 skipped 11842
REGISTER_PROGRESS train kept 7339 skipped 12161
REGISTER_PROGRESS train kept 7522 skipped 12478
REGISTER_PROGRESS train kept 7708 skipped 12792
REGISTER_PROGRESS train kept 7892 skipped 13108
REGISTER_PROGRESS train kept 8090 skipped 13410
REGISTER_PROGRESS train kept 8275 skipped 13725
REGISTER_PROGRESS train kept 8459 skipped 14041
REGISTER_PROGRESS train kept 8649 skipped 14351
REGISTER_PROGRESS train kept 8818 skipped 14682
REGISTER_PROGRESS train kept 9008 skipped 14992
REGISTER_PROGRESS train kept 9198 skipped 15302
REGISTER_PROGRESS train kept 9387 skipped 15613
REGISTER_PROGRESS train kept 9572 skipped 15928
REGISTER_PROGRESS train kept 9772 skipped 16228
REGISTER_PROGRESS train kept 9950 skipped 16550
REGISTER_PROGRESS train kept 10126 skipped 16874
REGISTER_PROGRESS train kept 10327 skipped 17173
REGISTER_PROGRESS train kept 10525 skipped 17475
REGISTER_PROGRESS train kept 10717 skipped 17783
REGISTER_PROGRESS train kept 10911 skipped 18089
REGISTER_PROGRESS train kept 11103 skipped 18397
REGISTER_PROGRESS train kept 11282 skipped 18718
REGISTER_PROGRESS train kept 11477 skipped 19023
REGISTER_PROGRESS train kept 11666 skipped 19334
REGISTER_PROGRESS train kept 11870 skipped 19630
REGISTER train 12000 skipped 19839
REGISTER_PROGRESS selection kept 183 skipped 317
REGISTER_PROGRESS selection kept 365 skipped 635
REGISTER_PROGRESS selection kept 576 skipped 924
REGISTER_PROGRESS selection kept 756 skipped 1244
REGISTER selection 800 skipped 1314
REGISTER_PROGRESS calibration kept 189 skipped 311
REGISTER_PROGRESS calibration kept 385 skipped 615
REGISTER_PROGRESS calibration kept 569 skipped 931
REGISTER calibration 600 skipped 966
REGISTER_PROGRESS validation kept 198 skipped 302
REGISTER_PROGRESS validation kept 397 skipped 603
REGISTER_PROGRESS validation kept 567 skipped 933
REGISTER_PROGRESS validation kept 752 skipped 1248
REGISTER validation 800 skipped 1306
REGISTER_PROGRESS test kept 218 skipped 282
REGISTER_PROGRESS test kept 406 skipped 594
REGISTER_PROGRESS test kept 580 skipped 920
REGISTER_PROGRESS test kept 783 skipped 1217
REGISTER_PROGRESS test kept 971 skipped 1529
REGISTER_PROGRESS test kept 1170 skipped 1830
REGISTER_PROGRESS test kept 1360 skipped 2140
REGISTER_PROGRESS test kept 1554 skipped 2446
REGISTER_PROGRESS test kept 1742 skipped 2758
REGISTER_PROGRESS test kept 1930 skipped 3070
REGISTER test 2000 skipped 3185
WINDOWS train 500 12000 4
WINDOWS train 1000 12000 7
WINDOWS train 1500 12000 9
WINDOWS train 2000 12000 11
WINDOWS train 2500 12000 14
WINDOWS train 3000 12000 16
WINDOWS train 3500 12000 19
WINDOWS train 4000 12000 21
WINDOWS train 4500 12000 23
WINDOWS train 5000 12000 26
WINDOWS train 5500 12000 28
WINDOWS train 6000 12000 31
WINDOWS train 6500 12000 33
WINDOWS train 7000 12000 36
WINDOWS train 7500 12000 38
WINDOWS train 8000 12000 41
WINDOWS train 8500 12000 43
WINDOWS train 9000 12000 45
WINDOWS train 9500 12000 48
WINDOWS train 10000 12000 50
WINDOWS train 10500 12000 53
WINDOWS train 11000 12000 55
WINDOWS train 11500 12000 58
WINDOWS train 12000 12000 60
WINDOWS selection 500 800 4
SIGNAL_AUDIT {"train": {"hold": {"quantiles_ms": [[-4.537357837142083, -3.2767636094738593, -3.2508617499935752, -3.250846776464664], [0.0031630917919294177, 3.0000514110258294, 5.285138413914893, 7.750623059914627], [7.001943738362441, 10.993578357279244, 19.03480821344799, 32.99457221933744]], "normal_vs_mild_auc": 0.6386420312500001, "paired_mild_minus_normal_median_ms": 1.9811240066954134, "participant_bootstrap_95ci_ms": [1.7589283062450858, 1.9999924410836254]}, "press_to_press": {"quantiles_ms": [[-15.002128767515353, -13.000003032024999, -10.097686854831716, -6.001341322199282], [0.18499523687268038, 2.0000224110038687, 4.776556606398181, 9.999999388743092], [15.499366477272401, 16.93650942238236, 21.037356377946164, 32.07113167285595]], "normal_vs_mild_auc": 0.5397090729166667, "paired_mild_minus_normal_median_ms": 1.281121764540174, "participant_bootstrap_95ci_ms": [1.2496125151008926, 1.4040512209879348]}}, "selection": {"hold": {"quantiles_ms": [[-4.497789445279681, -3.0001862116761844, -3.140145914042429, -3.2495540046350895], [0.27586269742987213, 3.4718915852818455, 5.748371256552154, 7.503813519795909], [7.000021905279489, 11.248134028325719, 20.5323915386067, 33.750997948948864]], "normal_vs_mild_auc": 0.6456523437499999, "paired_mild_minus_normal_median_ms": 2.001483649524282, "participant_bootstrap_95ci_ms": [1.750702749401178, 2.4860753904002717]}, "press_to_press": {"quantiles_ms": [[-15.000002971268158, -13.048999681381655, -9.630239563045322, -5.5047968524313], [0.0, 1.7551960744553163, 4.5000082246724205, 9.716053374967302], [15.845023784816462, 17.019188561541917, 20.999995059320177, 28.462252752801035]], "normal_vs_mild_auc": 0.5373140625, "paired_mild_minus_normal_median_ms": 1.2798166035989738, "participant_bootstrap_95ci_ms": [1.0758704898854852, 1.4999934781290327]}}}
FEATURES train 2000 12000 2
FEATURES train 4000 12000 4
FEATURES train 6000 12000 6
FEATURES train 8000 12000 9
FEATURES train 10000 12000 11
FEATURES train 12000 12000 13
CANDIDATE {"representation": "summary", "features": 618, "selection": {"accuracy": 0.6415625, "log_loss": 0.7978790298763591}, "train_accuracy": 0.725375, "seconds": 39.83846937501221}
CANDIDATE {"representation": "distribution_only", "features": 825, "selection": {"accuracy": 0.641875, "log_loss": 0.7950032029616827}, "train_accuracy": 0.7414791666666667, "seconds": 48.65058458299609}
CANDIDATE {"representation": "augmented", "features": 1443, "selection": {"accuracy": 0.656875, "log_loss": 0.7648814234671374}, "train_accuracy": 0.7591875, "seconds": 80.82291337501374}
WINDOWS calibration 500 600 4
FROZEN augmented
