RAW train: 2000/61627, 3s
RAW train: 4000/61627, 6s
RAW train: 6000/61627, 9s
RAW train: 8000/61627, 12s
RAW train: 10000/61627, 15s
RAW train: 12000/61627, 18s
RAW train: 14000/61627, 21s
RAW train: 16000/61627, 24s
RAW train: 18000/61627, 27s
RAW train: 20000/61627, 30s
RAW train: 22000/61627, 33s
RAW train: 24000/61627, 36s
RAW train: 26000/61627, 39s
RAW train: 28000/61627, 42s
RAW train: 30000/61627, 45s
RAW train: 32000/61627, 48s
RAW train: 34000/61627, 51s
RAW train: 36000/61627, 54s
RAW train: 38000/61627, 57s
RAW train: 40000/61627, 60s
RAW train: 42000/61627, 63s
RAW train: 44000/61627, 66s
RAW train: 46000/61627, 69s
RAW train: 48000/61627, 72s
RAW train: 50000/61627, 75s
RAW train: 52000/61627, 78s
RAW train: 54000/61627, 82s
RAW train: 56000/61627, 85s
RAW train: 58000/61627, 88s
RAW train: 60000/61627, 91s
RAW train: retained 60060/61627
RAW selection: retained 1174/1200
SEQUENCE device=mps params=260,296 train_users=60,060 epochs=100 steps=300
EPOCH {"epoch": 1, "loss": 1.206084164182345, "train_single_accuracy": 0.39971875, "train_bundle_accuracy": 0.4366145833333333, "learning_rate": 5.9999999999999995e-05, "epoch_seconds": 18.841000958986115, "elapsed_seconds": 18.841048749978654, "selection": {"single": {"accuracy": 0.4654173764906303, "log_loss": 1.121268897718751}, "bundle": {"accuracy": 0.534923339011925, "log_loss": 0.9836452935669183}}}
EPOCH {"epoch": 2, "loss": 1.024530255794525, "train_single_accuracy": 0.474125, "train_bundle_accuracy": 0.5557291666666667, "learning_rate": 0.00011999999999999999, "epoch_seconds": 15.330002832983155, "elapsed_seconds": 35.0915712909773, "selection": {"single": {"accuracy": 0.4848381601362862, "log_loss": 1.0798784415693448}, "bundle": {"accuracy": 0.5692078364565588, "log_loss": 0.9202696980547596}}}
EPOCH {"epoch": 3, "loss": 0.9999151047070821, "train_single_accuracy": 0.48671875, "train_bundle_accuracy": 0.5721354166666667, "learning_rate": 0.00017999999999999998, "epoch_seconds": 15.086152250005398, "elapsed_seconds": 50.970812957995804}
EPOCH {"epoch": 4, "loss": 0.9801982704798381, "train_single_accuracy": 0.4951770833333333, "train_bundle_accuracy": 0.5836458333333333, "learning_rate": 0.00023999999999999998, "epoch_seconds": 14.651531583018368, "elapsed_seconds": 65.64763404100086, "selection": {"single": {"accuracy": 0.5021720613287904, "log_loss": 1.0571555821987222}, "bundle": {"accuracy": 0.5804940374787053, "log_loss": 0.8975139090837921}}}
EPOCH {"epoch": 5, "loss": 0.9730775640408198, "train_single_accuracy": 0.49945833333333334, "train_bundle_accuracy": 0.58671875, "learning_rate": 0.0003, "epoch_seconds": 14.811211374995764, "elapsed_seconds": 81.22426612497657}
EPOCH {"epoch": 6, "loss": 0.960232254465421, "train_single_accuracy": 0.50434375, "train_bundle_accuracy": 0.5965104166666667, "learning_rate": 0.000299926189741025, "epoch_seconds": 14.545731249992969, "elapsed_seconds": 95.79347062497982, "selection": {"single": {"accuracy": 0.5098381601362862, "log_loss": 1.0403841965856446}, "bundle": {"accuracy": 0.5936967632027257, "log_loss": 0.8661521812895875}}}
EPOCH {"epoch": 7, "loss": 0.9534620312849681, "train_single_accuracy": 0.5079895833333333, "train_bundle_accuracy": 0.5971354166666667, "learning_rate": 0.0002997048396745345, "epoch_seconds": 14.523690125002759, "elapsed_seconds": 111.04537283297395}
EPOCH {"epoch": 8, "loss": 0.952669472694397, "train_single_accuracy": 0.5081979166666667, "train_bundle_accuracy": 0.6021354166666667, "learning_rate": 0.0002993361918435765, "epoch_seconds": 14.914508415997261, "elapsed_seconds": 125.98664404099691, "selection": {"single": {"accuracy": 0.5105195911413969, "log_loss": 1.0357190042535465}, "bundle": {"accuracy": 0.6015758091993185, "log_loss": 0.8589628124062977}}}
EPOCH {"epoch": 9, "loss": 0.9440106479326884, "train_single_accuracy": 0.5132916666666667, "train_bundle_accuracy": 0.6061979166666667, "learning_rate": 0.00029882064935914164, "epoch_seconds": 14.524177291983506, "elapsed_seconds": 141.38919637497747}
EPOCH {"epoch": 10, "loss": 0.9493347245454788, "train_single_accuracy": 0.5088645833333333, "train_bundle_accuracy": 0.6000520833333334, "learning_rate": 0.0002981587759593675, "epoch_seconds": 14.522829666006146, "elapsed_seconds": 155.93709379099892, "selection": {"single": {"accuracy": 0.5140119250425894, "log_loss": 1.0293660448332078}, "bundle": {"accuracy": 0.6049829642248722, "log_loss": 0.8490058479479591}}}
EPOCH {"epoch": 11, "loss": 0.9386502585808436, "train_single_accuracy": 0.5140625, "train_bundle_accuracy": 0.6075, "learning_rate": 0.0002973512953930992, "epoch_seconds": 14.657898542005569, "elapsed_seconds": 171.379611707991}
EPOCH {"epoch": 12, "loss": 0.9434072271982828, "train_single_accuracy": 0.511875, "train_bundle_accuracy": 0.6038541666666667, "learning_rate": 0.0002963990906284808, "epoch_seconds": 14.480215624993434, "elapsed_seconds": 185.8840179159888, "selection": {"single": {"accuracy": 0.5168654173764906, "log_loss": 1.025338281021518}, "bundle": {"accuracy": 0.606686541737649, "log_loss": 0.8471845575432683}}}
EPOCH {"epoch": 13, "loss": 0.9340893789132436, "train_single_accuracy": 0.5154791666666667, "train_bundle_accuracy": 0.6073958333333334, "learning_rate": 0.00029530320288744205, "epoch_seconds": 14.474059458996635, "elapsed_seconds": 201.07860349997645}
EPOCH {"epoch": 14, "loss": 0.928803001443545, "train_single_accuracy": 0.5210208333333334, "train_bundle_accuracy": 0.614375, "learning_rate": 0.00029406483050713824, "epoch_seconds": 14.4938644169888, "elapsed_seconds": 215.59683924997807, "selection": {"single": {"accuracy": 0.5157580919931857, "log_loss": 1.0255472087540918}, "bundle": {"accuracy": 0.6120102214650767, "log_loss": 0.8440928786921214}}}
EPOCH {"epoch": 15, "loss": 0.9338001734018326, "train_single_accuracy": 0.5165729166666667, "train_bundle_accuracy": 0.6148958333333333, "learning_rate": 0.0002926853276295856, "epoch_seconds": 14.226013084000442, "elapsed_seconds": 230.5244058749813}
EPOCH {"epoch": 16, "loss": 0.9279479988416036, "train_single_accuracy": 0.5187291666666667, "train_bundle_accuracy": 0.6130729166666666, "learning_rate": 0.0002911662027209272, "epoch_seconds": 13.965544249978848, "elapsed_seconds": 244.51299574997392, "selection": {"single": {"accuracy": 0.5217206132879046, "log_loss": 1.0174253754668838}, "bundle": {"accuracy": 0.6094548551959114, "log_loss": 0.8313697034767086}}}
EPOCH {"epoch": 17, "loss": 0.9280005915959676, "train_single_accuracy": 0.5176770833333333, "train_bundle_accuracy": 0.6118229166666667, "learning_rate": 0.0002895091169219469, "epoch_seconds": 14.049186083982931, "elapsed_seconds": 259.2478040829883}
EPOCH {"epoch": 18, "loss": 0.9274523027737935, "train_single_accuracy": 0.5188645833333333, "train_bundle_accuracy": 0.61390625, "learning_rate": 0.0002877158822316369, "epoch_seconds": 14.03918504199828, "elapsed_seconds": 273.31012579097296, "selection": {"single": {"accuracy": 0.5213798977853492, "log_loss": 1.0126325524633897}, "bundle": {"accuracy": 0.6158432708688245, "log_loss": 0.8152428204583372}}}
EPOCH {"epoch": 19, "loss": 0.9217570618788401, "train_single_accuracy": 0.5221354166666666, "train_bundle_accuracy": 0.6205729166666667, "learning_rate": 0.000285788459525803, "epoch_seconds": 14.025206374994013, "elapsed_seconds": 288.0112049159943}
EPOCH {"epoch": 20, "loss": 0.9269268586238225, "train_single_accuracy": 0.5173229166666666, "train_bundle_accuracy": 0.6126041666666666, "learning_rate": 0.000283728956412876, "epoch_seconds": 13.960492958023679, "elapsed_seconds": 301.99457129099756, "selection": {"single": {"accuracy": 0.5242759795570698, "log_loss": 1.0095105434762712}, "bundle": {"accuracy": 0.6179727427597955, "log_loss": 0.8145186875503706}}}
EPOCH {"epoch": 21, "loss": 0.9222832214832306, "train_single_accuracy": 0.5170833333333333, "train_bundle_accuracy": 0.61546875, "learning_rate": 0.0002815396249292725, "epoch_seconds": 14.035681375011336, "elapsed_seconds": 316.74007466598414}
EPOCH {"epoch": 22, "loss": 0.9170955564578375, "train_single_accuracy": 0.5224166666666666, "train_bundle_accuracy": 0.62375, "learning_rate": 0.00027922285907682625, "epoch_seconds": 14.552540375007084, "elapsed_seconds": 331.3169919999782, "selection": {"single": {"accuracy": 0.5233390119250426, "log_loss": 1.0130058753043654}, "bundle": {"accuracy": 0.6075383304940375, "log_loss": 0.8260820123478768}}}
EPOCH {"epoch": 23, "loss": 0.9209997963905334, "train_single_accuracy": 0.5209166666666667, "train_bundle_accuracy": 0.6145833333333334, "learning_rate": 0.00027678119220498265, "epoch_seconds": 14.537479332997464, "elapsed_seconds": 346.65945091599133}
EPOCH {"epoch": 24, "loss": 0.9185582399368286, "train_single_accuracy": 0.5223958333333333, "train_bundle_accuracy": 0.6191666666666666, "learning_rate": 0.00027421729424061787, "epoch_seconds": 14.324891374999424, "elapsed_seconds": 361.00894116598647, "selection": {"single": {"accuracy": 0.5235519591141397, "log_loss": 1.012151589499387}, "bundle": {"accuracy": 0.6073253833049403, "log_loss": 0.8211403208087615}}}
EPOCH {"epoch": 25, "loss": 0.9160778069496155, "train_single_accuracy": 0.5241041666666667, "train_bundle_accuracy": 0.6211458333333333, "learning_rate": 0.0002715339687685131, "epoch_seconds": 14.38703883299604, "elapsed_seconds": 376.0784832079953}
EPOCH {"epoch": 26, "loss": 0.9133221213022867, "train_single_accuracy": 0.5240208333333334, "train_bundle_accuracy": 0.6202604166666666, "learning_rate": 0.00026873414996567596, "epoch_seconds": 14.39224091701908, "elapsed_seconds": 390.4944569999934, "selection": {"single": {"accuracy": 0.5209114139693356, "log_loss": 1.0138897933279933}, "bundle": {"accuracy": 0.6051959114139693, "log_loss": 0.8324161611086676}}}
EPOCH {"epoch": 27, "loss": 0.9144151266415914, "train_single_accuracy": 0.5235625, "train_bundle_accuracy": 0.6186979166666666, "learning_rate": 0.00026582089939286075, "epoch_seconds": 14.370649249991402, "elapsed_seconds": 405.5622570409905}
EPOCH {"epoch": 28, "loss": 0.9044134529431661, "train_single_accuracy": 0.5258854166666667, "train_bundle_accuracy": 0.6222916666666667, "learning_rate": 0.000262797402646797, "epoch_seconds": 14.839187083009165, "elapsed_seconds": 420.42945579098887, "selection": {"single": {"accuracy": 0.5290034071550256, "log_loss": 1.0004930528915434}, "bundle": {"accuracy": 0.6252129471890971, "log_loss": 0.8029891807409169}}}
EPOCH {"epoch": 29, "loss": 0.9027368573347727, "train_single_accuracy": 0.5282604166666667, "train_bundle_accuracy": 0.6290104166666667, "learning_rate": 0.0002596669658767859, "epoch_seconds": 14.421753083996009, "elapsed_seconds": 435.728120957996}
EPOCH {"epoch": 30, "loss": 0.9128588398297628, "train_single_accuracy": 0.5242083333333334, "train_bundle_accuracy": 0.6234895833333334, "learning_rate": 0.00025643301216947504, "epoch_seconds": 14.453645375004271, "elapsed_seconds": 450.2059193329769, "selection": {"single": {"accuracy": 0.5285775127768313, "log_loss": 0.9995942334572707}, "bundle": {"accuracy": 0.625, "log_loss": 0.8002416298842919}}}
EPOCH {"epoch": 31, "loss": 0.9082469397783279, "train_single_accuracy": 0.5248958333333333, "train_bundle_accuracy": 0.6209895833333333, "learning_rate": 0.00025309907780576277, "epoch_seconds": 14.461743209016277, "elapsed_seconds": 465.3618512499961}
EPOCH {"epoch": 32, "loss": 0.9109997866551082, "train_single_accuracy": 0.522125, "train_bundle_accuracy": 0.6218229166666667, "learning_rate": 0.00024966880839392746, "epoch_seconds": 14.955521750001935, "elapsed_seconds": 480.34323504098575, "selection": {"single": {"accuracy": 0.525809199318569, "log_loss": 1.0009675012527308}, "bundle": {"accuracy": 0.6224446337308348, "log_loss": 0.8042909369695896}}}
EPOCH {"epoch": 33, "loss": 0.9044203442335129, "train_single_accuracy": 0.5258125, "train_bundle_accuracy": 0.62328125, "learning_rate": 0.00024614595488320833, "epoch_seconds": 15.354230375000043, "elapsed_seconds": 496.4957339159737}
EPOCH {"epoch": 34, "loss": 0.906464099685351, "train_single_accuracy": 0.5264583333333334, "train_bundle_accuracy": 0.6267708333333334, "learning_rate": 0.0002425343694621974, "epoch_seconds": 14.970540417009033, "elapsed_seconds": 511.4908684999973, "selection": {"single": {"accuracy": 0.5252555366269165, "log_loss": 1.011143017533783}, "bundle": {"accuracy": 0.6073253833049403, "log_loss": 0.8312075709244604}}}
EPOCH {"epoch": 35, "loss": 0.9018834608793259, "train_single_accuracy": 0.52778125, "train_bundle_accuracy": 0.6327083333333333, "learning_rate": 0.0002388380013465276, "epoch_seconds": 14.837168541998835, "elapsed_seconds": 527.0733775409753}
EPOCH {"epoch": 36, "loss": 0.8977978744109472, "train_single_accuracy": 0.5300833333333334, "train_bundle_accuracy": 0.6297395833333334, "learning_rate": 0.00023506089246046403, "epoch_seconds": 14.663959124998655, "elapsed_seconds": 541.7601972499979, "selection": {"single": {"accuracy": 0.5290885860306644, "log_loss": 0.9995840032025464}, "bundle": {"accuracy": 0.6232964224872232, "log_loss": 0.8012471165621806}}}
EPOCH {"epoch": 37, "loss": 0.9020738265911739, "train_single_accuracy": 0.5285625, "train_bundle_accuracy": 0.6297395833333334, "learning_rate": 0.0002312071730171186, "epoch_seconds": 14.75160895800218, "elapsed_seconds": 557.2103699999861}
EPOCH {"epoch": 38, "loss": 0.8978434977928798, "train_single_accuracy": 0.5294479166666667, "train_bundle_accuracy": 0.6258854166666666, "learning_rate": 0.00022728105700212285, "epoch_seconds": 14.483075833995827, "elapsed_seconds": 571.7177423749818, "selection": {"single": {"accuracy": 0.5305366269165247, "log_loss": 0.9946821924919796}, "bundle": {"accuracy": 0.6273424190800682, "log_loss": 0.793641648296584}}}
EPOCH {"epoch": 39, "loss": 0.8996795908610026, "train_single_accuracy": 0.5274895833333333, "train_bundle_accuracy": 0.63421875, "learning_rate": 0.00022328683756569652, "epoch_seconds": 14.611491958989063, "elapsed_seconds": 587.0249592079781}
EPOCH {"epoch": 40, "loss": 0.8925106799602509, "train_single_accuracy": 0.5308229166666667, "train_bundle_accuracy": 0.6310416666666666, "learning_rate": 0.00021922888232815089, "epoch_seconds": 14.491533625026932, "elapsed_seconds": 601.53995716598, "selection": {"single": {"accuracy": 0.5323253833049404, "log_loss": 0.9927583778082242}, "bundle": {"accuracy": 0.637137989778535, "log_loss": 0.7904275467054708}}}
EPOCH {"epoch": 41, "loss": 0.8979941936333974, "train_single_accuracy": 0.52840625, "train_bundle_accuracy": 0.6321875, "learning_rate": 0.00021511162860395977, "epoch_seconds": 14.560361083014868, "elapsed_seconds": 616.7974447909801}
EPOCH {"epoch": 42, "loss": 0.8960542164246241, "train_single_accuracy": 0.5280416666666666, "train_bundle_accuracy": 0.63234375, "learning_rate": 0.0002109395785496218, "epoch_seconds": 14.411238209024305, "elapsed_seconds": 631.236083582975, "selection": {"single": {"accuracy": 0.5332197614991482, "log_loss": 0.993169358006085}, "bundle": {"accuracy": 0.6281942078364565, "log_loss": 0.7925217527438456}}}
EPOCH {"epoch": 43, "loss": 0.8944210147857666, "train_single_accuracy": 0.53096875, "train_bundle_accuracy": 0.63640625, "learning_rate": 0.00020671729424061788, "epoch_seconds": 14.856496791995596, "elapsed_seconds": 646.7909520829853}
EPOCH {"epoch": 44, "loss": 0.8963453300793965, "train_single_accuracy": 0.5290625, "train_bundle_accuracy": 0.6326041666666666, "learning_rate": 0.000202449392682849, "epoch_seconds": 14.457087499991758, "elapsed_seconds": 661.2709093749872, "selection": {"single": {"accuracy": 0.5305792163543441, "log_loss": 0.992793905799095}, "bundle": {"accuracy": 0.6211669505962522, "log_loss": 0.796463792574374}}}
EPOCH {"epoch": 45, "loss": 0.8909661344687144, "train_single_accuracy": 0.5320104166666667, "train_bundle_accuracy": 0.6323958333333334, "learning_rate": 0.00019814054076400787, "epoch_seconds": 14.625598333979724, "elapsed_seconds": 676.7454224999819}
EPOCH {"epoch": 46, "loss": 0.8889286182324092, "train_single_accuracy": 0.5316770833333333, "train_bundle_accuracy": 0.6355729166666667, "learning_rate": 0.0001937954501504058, "epoch_seconds": 13.869329957989976, "elapsed_seconds": 690.6381563329778, "selection": {"single": {"accuracy": 0.5336456558773425, "log_loss": 0.9891277663299881}, "bundle": {"accuracy": 0.6260647359454855, "log_loss": 0.7907955145496879}}}
EPOCH {"epoch": 47, "loss": 0.9003698756297429, "train_single_accuracy": 0.5268541666666666, "train_bundle_accuracy": 0.6306770833333334, "learning_rate": 0.00018941887213483484, "epoch_seconds": 13.894993833004264, "elapsed_seconds": 705.2815680829808}
EPOCH {"epoch": 48, "loss": 0.8877298816045125, "train_single_accuracy": 0.5311875, "train_bundle_accuracy": 0.6382291666666666, "learning_rate": 0.00018501559244109864, "epoch_seconds": 14.024102416995447, "elapsed_seconds": 719.3290432909853, "selection": {"single": {"accuracy": 0.53603066439523, "log_loss": 0.9877867114991852}, "bundle": {"accuracy": 0.6347955706984668, "log_loss": 0.7806866712350642}}}
EPOCH {"epoch": 49, "loss": 0.8904599338769913, "train_single_accuracy": 0.5333541666666667, "train_bundle_accuracy": 0.6334375, "learning_rate": 0.00018059042599089415, "epoch_seconds": 13.880916833004449, "elapsed_seconds": 733.8976224579965}
EPOCH {"epoch": 50, "loss": 0.8887221837043762, "train_single_accuracy": 0.5324270833333333, "train_bundle_accuracy": 0.6371875, "learning_rate": 0.00017614821163876486, "epoch_seconds": 13.79954308300512, "elapsed_seconds": 747.723618249991, "selection": {"single": {"accuracy": 0.5342844974446337, "log_loss": 0.9872888589431755}, "bundle": {"accuracy": 0.6341567291311755, "log_loss": 0.7804675633393849}}}
EPOCH {"epoch": 51, "loss": 0.8931483602523804, "train_single_accuracy": 0.5302291666666666, "train_bundle_accuracy": 0.6324479166666667, "learning_rate": 0.000171693806880885, "epoch_seconds": 13.88834862501244, "elapsed_seconds": 762.280596290977}
EPOCH {"epoch": 52, "loss": 0.8856033384799957, "train_single_accuracy": 0.5351354166666666, "train_bundle_accuracy": 0.64046875, "learning_rate": 0.0001672320825434584, "epoch_seconds": 13.7696238750068, "elapsed_seconds": 776.0763460829912, "selection": {"single": {"accuracy": 0.5329216354344123, "log_loss": 0.9938541735783194}, "bundle": {"accuracy": 0.6247870528109029, "log_loss": 0.7995869927263755}}}
EPOCH {"epoch": 53, "loss": 0.8900769366820653, "train_single_accuracy": 0.5328020833333333, "train_bundle_accuracy": 0.631875, "learning_rate": 0.0001627679174565416, "epoch_seconds": 13.89265733299544, "elapsed_seconds": 790.6573790409893}
EPOCH {"epoch": 54, "loss": 0.8854872848590215, "train_single_accuracy": 0.53446875, "train_bundle_accuracy": 0.6351041666666667, "learning_rate": 0.00015830619311911498, "epoch_seconds": 13.799070540990215, "elapsed_seconds": 804.4834473749797, "selection": {"single": {"accuracy": 0.5359454855195911, "log_loss": 0.9844585045307933}, "bundle": {"accuracy": 0.635221465076661, "log_loss": 0.7772102858863646}}}
EPOCH {"epoch": 55, "loss": 0.8855900732676188, "train_single_accuracy": 0.5343229166666666, "train_bundle_accuracy": 0.6365104166666666, "learning_rate": 0.00015385178836123514, "epoch_seconds": 13.81634054100141, "elapsed_seconds": 818.9620716659992}
EPOCH {"epoch": 56, "loss": 0.8884672705332438, "train_single_accuracy": 0.53515625, "train_bundle_accuracy": 0.6330729166666667, "learning_rate": 0.00014940957400910585, "epoch_seconds": 13.778438083012588, "elapsed_seconds": 832.7635101249907, "selection": {"single": {"accuracy": 0.5348807495741056, "log_loss": 0.9851309394339152}, "bundle": {"accuracy": 0.6243611584327087, "log_loss": 0.7835011510079027}}}
EPOCH {"epoch": 57, "loss": 0.8839424759149551, "train_single_accuracy": 0.53453125, "train_bundle_accuracy": 0.6424479166666667, "learning_rate": 0.0001449844075589013, "epoch_seconds": 13.90624879198731, "elapsed_seconds": 847.3332404159883}
EPOCH {"epoch": 58, "loss": 0.8827662253379822, "train_single_accuracy": 0.5351354166666666, "train_bundle_accuracy": 0.63859375, "learning_rate": 0.00014058112786516518, "epoch_seconds": 13.833570833026897, "elapsed_seconds": 861.1900828749931, "selection": {"single": {"accuracy": 0.5375212947189097, "log_loss": 0.9826397642654444}, "bundle": {"accuracy": 0.633304940374787, "log_loss": 0.7734913006044126}}}
EPOCH {"epoch": 59, "loss": 0.8837455495198567, "train_single_accuracy": 0.5320833333333334, "train_bundle_accuracy": 0.63484375, "learning_rate": 0.0001362045498495942, "epoch_seconds": 13.921948749979492, "elapsed_seconds": 875.7877215409826}
EPOCH {"epoch": 60, "loss": 0.8884920954704285, "train_single_accuracy": 0.53225, "train_bundle_accuracy": 0.63640625, "learning_rate": 0.00013185945923599213, "epoch_seconds": 13.799511582998093, "elapsed_seconds": 889.6132562909916, "selection": {"single": {"accuracy": 0.5358177172061329, "log_loss": 0.984835689784115}, "bundle": {"accuracy": 0.6345826235093697, "log_loss": 0.7787443826517739}}}
EPOCH {"epoch": 61, "loss": 0.8770685311158498, "train_single_accuracy": 0.5402083333333333, "train_bundle_accuracy": 0.644375, "learning_rate": 0.000127550607317151, "epoch_seconds": 13.84508933298639, "elapsed_seconds": 904.1207847909827}
EPOCH {"epoch": 62, "loss": 0.8796277000506719, "train_single_accuracy": 0.5365, "train_bundle_accuracy": 0.6420833333333333, "learning_rate": 0.00012328270575938212, "epoch_seconds": 13.848735167004634, "elapsed_seconds": 917.9929357499932, "selection": {"single": {"accuracy": 0.5382027257240204, "log_loss": 0.9820294087686341}, "bundle": {"accuracy": 0.6407580919931857, "log_loss": 0.7733819783837398}}}
EPOCH {"epoch": 63, "loss": 0.8767651647329331, "train_single_accuracy": 0.5381875, "train_bundle_accuracy": 0.6440104166666667, "learning_rate": 0.00011906042145037817, "epoch_seconds": 13.784889458009275, "elapsed_seconds": 932.4728182909894}
EPOCH {"epoch": 64, "loss": 0.8838095239798228, "train_single_accuracy": 0.5350729166666667, "train_bundle_accuracy": 0.636875, "learning_rate": 0.00011488837139604017, "epoch_seconds": 13.87310170798446, "elapsed_seconds": 946.3693897079793, "selection": {"single": {"accuracy": 0.5363713798977854, "log_loss": 0.9816182141865853}, "bundle": {"accuracy": 0.6326660988074957, "log_loss": 0.7733878120815643}}}
EPOCH {"epoch": 65, "loss": 0.8768670554955801, "train_single_accuracy": 0.5369375, "train_bundle_accuracy": 0.6450520833333333, "learning_rate": 0.00011077111767184915, "epoch_seconds": 13.846902749995934, "elapsed_seconds": 960.8798333329905}
EPOCH {"epoch": 66, "loss": 0.8788676744699478, "train_single_accuracy": 0.53465625, "train_bundle_accuracy": 0.6424479166666667, "learning_rate": 0.00010671316243430345, "epoch_seconds": 13.870798167015892, "elapsed_seconds": 974.7743457909964, "selection": {"single": {"accuracy": 0.537350936967632, "log_loss": 0.9801763417244833}, "bundle": {"accuracy": 0.635221465076661, "log_loss": 0.7703535256624949}}}
EPOCH {"epoch": 67, "loss": 0.8783448586861292, "train_single_accuracy": 0.53753125, "train_bundle_accuracy": 0.6436979166666666, "learning_rate": 0.00010271894299787715, "epoch_seconds": 13.861803375009913, "elapsed_seconds": 989.312214665988}
EPOCH {"epoch": 68, "loss": 0.8784079323212306, "train_single_accuracy": 0.5374166666666667, "train_bundle_accuracy": 0.6433333333333333, "learning_rate": 9.879282698288144e-05, "epoch_seconds": 13.858856542006833, "elapsed_seconds": 1003.1947153749934, "selection": {"single": {"accuracy": 0.5391396933560477, "log_loss": 0.9828234148313377}, "bundle": {"accuracy": 0.6307495741056218, "log_loss": 0.7773701903874892}}}
EPOCH {"epoch": 69, "loss": 0.8737376697858175, "train_single_accuracy": 0.5372604166666667, "train_bundle_accuracy": 0.64203125, "learning_rate": 9.4939107539536e-05, "epoch_seconds": 13.842060333001427, "elapsed_seconds": 1017.7086149999814}
EPOCH {"epoch": 70, "loss": 0.8748695276180903, "train_single_accuracy": 0.5384270833333333, "train_bundle_accuracy": 0.6433333333333333, "learning_rate": 9.116199865347241e-05, "epoch_seconds": 13.914928499987582, "elapsed_seconds": 1031.647325207974, "selection": {"single": {"accuracy": 0.5402044293015332, "log_loss": 0.9794370015088025}, "bundle": {"accuracy": 0.6347955706984668, "log_loss": 0.7720989128973971}}}
EPOCH {"epoch": 71, "loss": 0.8743875976403555, "train_single_accuracy": 0.5391354166666666, "train_bundle_accuracy": 0.6419791666666667, "learning_rate": 8.746563053780262e-05, "epoch_seconds": 13.870904584007803, "elapsed_seconds": 1046.2033645829943}
EPOCH {"epoch": 72, "loss": 0.8749590259790421, "train_single_accuracy": 0.5389791666666667, "train_bundle_accuracy": 0.6460416666666666, "learning_rate": 8.385404511679161e-05, "epoch_seconds": 13.8451473749883, "elapsed_seconds": 1060.0718759999727, "selection": {"single": {"accuracy": 0.5372657580919932, "log_loss": 0.9810760330528175}, "bundle": {"accuracy": 0.6367120954003407, "log_loss": 0.7716512527213613}}}
EPOCH {"epoch": 73, "loss": 0.8779686295986175, "train_single_accuracy": 0.5352708333333334, "train_bundle_accuracy": 0.6402604166666667, "learning_rate": 8.03311916060725e-05, "epoch_seconds": 13.856357458978891, "elapsed_seconds": 1074.5958953329828}
EPOCH {"epoch": 74, "loss": 0.8681649893522263, "train_single_accuracy": 0.5403333333333333, "train_bundle_accuracy": 0.6499479166666666, "learning_rate": 7.690092219423722e-05, "epoch_seconds": 13.868449083005544, "elapsed_seconds": 1088.4879352499847, "selection": {"single": {"accuracy": 0.5369676320272573, "log_loss": 0.9797204756490249}, "bundle": {"accuracy": 0.6309625212947189, "log_loss": 0.7750658140319392}}}
EPOCH {"epoch": 75, "loss": 0.8712659468253453, "train_single_accuracy": 0.53653125, "train_bundle_accuracy": 0.6438541666666666, "learning_rate": 7.356698783052496e-05, "epoch_seconds": 13.891264542005956, "elapsed_seconds": 1103.0455577499815}
EPOCH {"epoch": 76, "loss": 0.8747315641244252, "train_single_accuracy": 0.538375, "train_bundle_accuracy": 0.6426041666666666, "learning_rate": 7.033303412321404e-05, "epoch_seconds": 13.779340083012357, "elapsed_seconds": 1116.848453374987, "selection": {"single": {"accuracy": 0.5402896081771721, "log_loss": 0.9779176510566965}, "bundle": {"accuracy": 0.6399063032367973, "log_loss": 0.7665664968782848}}}
EPOCH {"epoch": 77, "loss": 0.8688680509726207, "train_single_accuracy": 0.5364791666666666, "train_bundle_accuracy": 0.6455729166666667, "learning_rate": 6.720259735320299e-05, "epoch_seconds": 13.910093542013783, "elapsed_seconds": 1131.4410028749844}
EPOCH {"epoch": 78, "loss": 0.8764309789737066, "train_single_accuracy": 0.5368125, "train_bundle_accuracy": 0.6436458333333334, "learning_rate": 6.417910060713926e-05, "epoch_seconds": 13.810825833003037, "elapsed_seconds": 1145.275691332994, "selection": {"single": {"accuracy": 0.5395655877342419, "log_loss": 0.9781836591206966}, "bundle": {"accuracy": 0.6407580919931857, "log_loss": 0.7680789308513437}}}
EPOCH {"epoch": 79, "loss": 0.8681740834315618, "train_single_accuracy": 0.5395625, "train_bundle_accuracy": 0.646875, "learning_rate": 6.126585003432406e-05, "epoch_seconds": 13.861841875012033, "elapsed_seconds": 1159.8147422079928}
EPOCH {"epoch": 80, "loss": 0.8658464399973551, "train_single_accuracy": 0.5407083333333333, "train_bundle_accuracy": 0.6501041666666667, "learning_rate": 5.846603123148688e-05, "epoch_seconds": 13.827858791017206, "elapsed_seconds": 1173.6669547909987, "selection": {"single": {"accuracy": 0.540885860306644, "log_loss": 0.9770776961588735}, "bundle": {"accuracy": 0.6390545144804088, "log_loss": 0.7663829561512752}}}
EPOCH {"epoch": 81, "loss": 0.8715371135870615, "train_single_accuracy": 0.5373541666666667, "train_bundle_accuracy": 0.6460416666666666, "learning_rate": 5.578270575938211e-05, "epoch_seconds": 13.865656040987233, "elapsed_seconds": 1188.2166796659876}
EPOCH {"epoch": 82, "loss": 0.8778901666402816, "train_single_accuracy": 0.5359583333333333, "train_bundle_accuracy": 0.6476041666666666, "learning_rate": 5.3218807795017296e-05, "epoch_seconds": 13.814892207999947, "elapsed_seconds": 1202.054915790999, "selection": {"single": {"accuracy": 0.5431005110732539, "log_loss": 0.9771550287588229}, "bundle": {"accuracy": 0.6375638841567292, "log_loss": 0.7678878680159623}}}
EPOCH {"epoch": 83, "loss": 0.8731160563230514, "train_single_accuracy": 0.5403645833333334, "train_bundle_accuracy": 0.6424479166666667, "learning_rate": 5.07771409231737e-05, "epoch_seconds": 14.315018541004974, "elapsed_seconds": 1217.0413765829871}
EPOCH {"epoch": 84, "loss": 0.8706007482608159, "train_single_accuracy": 0.5369375, "train_bundle_accuracy": 0.64984375, "learning_rate": 4.846037507072751e-05, "epoch_seconds": 14.236212916002842, "elapsed_seconds": 1231.303123040998, "selection": {"single": {"accuracy": 0.541098807495741, "log_loss": 0.976501832871711}, "bundle": {"accuracy": 0.6350085178875639, "log_loss": 0.7663655089184741}}}
EPOCH {"epoch": 85, "loss": 0.8712019473314285, "train_single_accuracy": 0.5370208333333333, "train_bundle_accuracy": 0.6439583333333333, "learning_rate": 4.6271043587123986e-05, "epoch_seconds": 15.467719750013202, "elapsed_seconds": 1247.5942184579908}
EPOCH {"epoch": 86, "loss": 0.8720123702287674, "train_single_accuracy": 0.5396145833333333, "train_bundle_accuracy": 0.6445833333333333, "learning_rate": 4.4211540474196926e-05, "epoch_seconds": 14.60968833300285, "elapsed_seconds": 1262.229133249988, "selection": {"single": {"accuracy": 0.5412265758091993, "log_loss": 0.9763919534748821}, "bundle": {"accuracy": 0.6403321976149915, "log_loss": 0.7664101297993647}}}
EPOCH {"epoch": 87, "loss": 0.8627336341142654, "train_single_accuracy": 0.5393854166666666, "train_bundle_accuracy": 0.6501041666666667, "learning_rate": 4.228411776836306e-05, "epoch_seconds": 14.635014875006163, "elapsed_seconds": 1277.5463337499823}
EPOCH {"epoch": 88, "loss": 0.874665203889211, "train_single_accuracy": 0.5378020833333333, "train_bundle_accuracy": 0.6458333333333334, "learning_rate": 4.049088307805306e-05, "epoch_seconds": 14.593342916981783, "elapsed_seconds": 1292.1634054579772, "selection": {"single": {"accuracy": 0.5414395229982965, "log_loss": 0.9765748795812325}, "bundle": {"accuracy": 0.6403321976149915, "log_loss": 0.7645202917545254}}}
EPOCH {"epoch": 89, "loss": 0.8693207347393036, "train_single_accuracy": 0.5393854166666666, "train_bundle_accuracy": 0.6465104166666666, "learning_rate": 3.88337972790728e-05, "epoch_seconds": 14.537420375010697, "elapsed_seconds": 1307.388817125}
EPOCH {"epoch": 90, "loss": 0.8679019522666931, "train_single_accuracy": 0.5389166666666667, "train_bundle_accuracy": 0.6497395833333334, "learning_rate": 3.7314672370414325e-05, "epoch_seconds": 14.58351254099398, "elapsed_seconds": 1321.9980415829923, "selection": {"single": {"accuracy": 0.5409284497444634, "log_loss": 0.976275351423905}, "bundle": {"accuracy": 0.639480408858603, "log_loss": 0.7652988009938537}}}
EPOCH {"epoch": 91, "loss": 0.8699505817890167, "train_single_accuracy": 0.538625, "train_bundle_accuracy": 0.64765625, "learning_rate": 3.5935169492861716e-05, "epoch_seconds": 14.605845334008336, "elapsed_seconds": 1337.2925585829944}
EPOCH {"epoch": 92, "loss": 0.869789000749588, "train_single_accuracy": 0.5406354166666667, "train_bundle_accuracy": 0.6480208333333334, "learning_rate": 3.469679711255794e-05, "epoch_seconds": 14.40779300002032, "elapsed_seconds": 1351.7257201659959, "selection": {"single": {"accuracy": 0.5418228279386712, "log_loss": 0.9753990749096617}, "bundle": {"accuracy": 0.639480408858603, "log_loss": 0.7635024582066997}}}
EPOCH {"epoch": 93, "loss": 0.8699929058551789, "train_single_accuracy": 0.5361770833333334, "train_bundle_accuracy": 0.6472395833333333, "learning_rate": 3.3600909371519225e-05, "epoch_seconds": 14.338540583994472, "elapsed_seconds": 1366.7367535409867}
EPOCH {"epoch": 94, "loss": 0.8716568519671758, "train_single_accuracy": 0.5395729166666666, "train_bundle_accuracy": 0.6452083333333334, "learning_rate": 3.2648704606900735e-05, "epoch_seconds": 14.347719667013735, "elapsed_seconds": 1381.1085984999954, "selection": {"single": {"accuracy": 0.5408006814310051, "log_loss": 0.975867730358695}, "bundle": {"accuracy": 0.637350936967632, "log_loss": 0.7643961159463099}}}
EPOCH {"epoch": 95, "loss": 0.8589916578928629, "train_single_accuracy": 0.5448125, "train_bundle_accuracy": 0.6528645833333333, "learning_rate": 3.1841224040632484e-05, "epoch_seconds": 14.371904916013591, "elapsed_seconds": 1396.1479953329836}
EPOCH {"epoch": 96, "loss": 0.865965974330902, "train_single_accuracy": 0.53971875, "train_bundle_accuracy": 0.6497916666666667, "learning_rate": 3.117935064085835e-05, "epoch_seconds": 14.423190583998803, "elapsed_seconds": 1410.5958644579805, "selection": {"single": {"accuracy": 0.5406729131175468, "log_loss": 0.9754502355579356}, "bundle": {"accuracy": 0.6407580919931857, "log_loss": 0.765155859875914}}}
EPOCH {"epoch": 97, "loss": 0.8768701461950937, "train_single_accuracy": 0.53575, "train_bundle_accuracy": 0.6438541666666666, "learning_rate": 3.0663808156423456e-05, "epoch_seconds": 14.493864457996096, "elapsed_seconds": 1425.8333262499946}
EPOCH {"epoch": 98, "loss": 0.8669819496075313, "train_single_accuracy": 0.5415625, "train_bundle_accuracy": 0.6503125, "learning_rate": 3.0295160325465435e-05, "epoch_seconds": 14.467076124972664, "elapsed_seconds": 1440.3257776659739, "selection": {"single": {"accuracy": 0.5420783645655878, "log_loss": 0.9754912432740468}, "bundle": {"accuracy": 0.639267461669506, "log_loss": 0.7664050754489254}}}
EPOCH {"epoch": 99, "loss": 0.8668950659036636, "train_single_accuracy": 0.5401041666666667, "train_bundle_accuracy": 0.65109375, "learning_rate": 3.0073810258974985e-05, "epoch_seconds": 14.348223792010685, "elapsed_seconds": 1455.3616058749903}
EPOCH {"epoch": 100, "loss": 0.8695818789800008, "train_single_accuracy": 0.5375833333333333, "train_bundle_accuracy": 0.64453125, "learning_rate": 2.9999999999999997e-05, "epoch_seconds": 14.43916837501456, "elapsed_seconds": 1469.8282717909897, "selection": {"single": {"accuracy": 0.541098807495741, "log_loss": 0.9766164974764713}, "bundle": {"accuracy": 0.6356473594548552, "log_loss": 0.7671530152918696}}}
