device=mps
reusing split synthetic_impairment_protocol_v4_64x512_unseen_triplet_manifest.json
train=61,627  val=6,847  test=17,119  fit-users=2000  train-sessions=G10+Q5
TypeNet frozen  objective=classic-ml  features=typenet-128  input=one embedding (g or q)
train embeddings=117,300  dim=128  class-counts=29325,29325,29325,29325
fit rbf_svm samples=20,000  C=1  gamma=scale
fit elasticnet_logreg samples=117,300  C=1  l1_ratio=0.5
/Library/Frameworks/Python.framework/Versions/3.13/lib/python3.13/site-packages/sklearn/utils/extmath.py:203: RuntimeWarning: divide by zero encountered in matmul
  ret = a @ b
/Library/Frameworks/Python.framework/Versions/3.13/lib/python3.13/site-packages/sklearn/utils/extmath.py:203: RuntimeWarning: overflow encountered in matmul
  ret = a @ b
/Library/Frameworks/Python.framework/Versions/3.13/lib/python3.13/site-packages/sklearn/utils/extmath.py:203: RuntimeWarning: invalid value encountered in matmul
  ret = a @ b
train rbf_svm acc=0.411 (4-way, chance=0.25)
train elasticnet_logreg acc=0.396 (4-way, chance=0.25)
val
/Library/Frameworks/Python.framework/Versions/3.13/lib/python3.13/site-packages/sklearn/utils/extmath.py:203: RuntimeWarning: divide by zero encountered in matmul
  ret = a @ b
/Library/Frameworks/Python.framework/Versions/3.13/lib/python3.13/site-packages/sklearn/utils/extmath.py:203: RuntimeWarning: overflow encountered in matmul
  ret = a @ b
/Library/Frameworks/Python.framework/Versions/3.13/lib/python3.13/site-packages/sklearn/utils/extmath.py:203: RuntimeWarning: invalid value encountered in matmul
  ret = a @ b
/Library/Frameworks/Python.framework/Versions/3.13/lib/python3.13/site-packages/sklearn/utils/extmath.py:203: RuntimeWarning: divide by zero encountered in matmul
  ret = a @ b
/Library/Frameworks/Python.framework/Versions/3.13/lib/python3.13/site-packages/sklearn/utils/extmath.py:203: RuntimeWarning: overflow encountered in matmul
  ret = a @ b
/Library/Frameworks/Python.framework/Versions/3.13/lib/python3.13/site-packages/sklearn/utils/extmath.py:203: RuntimeWarning: invalid value encountered in matmul
  ret = a @ b
/Library/Frameworks/Python.framework/Versions/3.13/lib/python3.13/site-packages/sklearn/utils/extmath.py:203: RuntimeWarning: divide by zero encountered in matmul
  ret = a @ b
/Library/Frameworks/Python.framework/Versions/3.13/lib/python3.13/site-packages/sklearn/utils/extmath.py:203: RuntimeWarning: overflow encountered in matmul
  ret = a @ b
/Library/Frameworks/Python.framework/Versions/3.13/lib/python3.13/site-packages/sklearn/utils/extmath.py:203: RuntimeWarning: invalid value encountered in matmul
  ret = a @ b
/Library/Frameworks/Python.framework/Versions/3.13/lib/python3.13/site-packages/sklearn/utils/extmath.py:203: RuntimeWarning: divide by zero encountered in matmul
  ret = a @ b
/Library/Frameworks/Python.framework/Versions/3.13/lib/python3.13/site-packages/sklearn/utils/extmath.py:203: RuntimeWarning: overflow encountered in matmul
  ret = a @ b
/Library/Frameworks/Python.framework/Versions/3.13/lib/python3.13/site-packages/sklearn/utils/extmath.py:203: RuntimeWarning: invalid value encountered in matmul
  ret = a @ b
/Library/Frameworks/Python.framework/Versions/3.13/lib/python3.13/site-packages/sklearn/utils/extmath.py:203: RuntimeWarning: divide by zero encountered in matmul
  ret = a @ b
/Library/Frameworks/Python.framework/Versions/3.13/lib/python3.13/site-packages/sklearn/utils/extmath.py:203: RuntimeWarning: overflow encountered in matmul
  ret = a @ b
/Library/Frameworks/Python.framework/Versions/3.13/lib/python3.13/site-packages/sklearn/utils/extmath.py:203: RuntimeWarning: invalid value encountered in matmul
  ret = a @ b
/Library/Frameworks/Python.framework/Versions/3.13/lib/python3.13/site-packages/sklearn/utils/extmath.py:203: RuntimeWarning: divide by zero encountered in matmul
  ret = a @ b
/Library/Frameworks/Python.framework/Versions/3.13/lib/python3.13/site-packages/sklearn/utils/extmath.py:203: RuntimeWarning: overflow encountered in matmul
  ret = a @ b
/Library/Frameworks/Python.framework/Versions/3.13/lib/python3.13/site-packages/sklearn/utils/extmath.py:203: RuntimeWarning: invalid value encountered in matmul
  ret = a @ b
/Library/Frameworks/Python.framework/Versions/3.13/lib/python3.13/site-packages/sklearn/utils/extmath.py:203: RuntimeWarning: divide by zero encountered in matmul
  ret = a @ b
/Library/Frameworks/Python.framework/Versions/3.13/lib/python3.13/site-packages/sklearn/utils/extmath.py:203: RuntimeWarning: overflow encountered in matmul
  ret = a @ b
/Library/Frameworks/Python.framework/Versions/3.13/lib/python3.13/site-packages/sklearn/utils/extmath.py:203: RuntimeWarning: invalid value encountered in matmul
  ret = a @ b
/Library/Frameworks/Python.framework/Versions/3.13/lib/python3.13/site-packages/sklearn/utils/extmath.py:203: RuntimeWarning: divide by zero encountered in matmul
  ret = a @ b
/Library/Frameworks/Python.framework/Versions/3.13/lib/python3.13/site-packages/sklearn/utils/extmath.py:203: RuntimeWarning: overflow encountered in matmul
  ret = a @ b
/Library/Frameworks/Python.framework/Versions/3.13/lib/python3.13/site-packages/sklearn/utils/extmath.py:203: RuntimeWarning: invalid value encountered in matmul
  ret = a @ b
/Library/Frameworks/Python.framework/Versions/3.13/lib/python3.13/site-packages/sklearn/utils/extmath.py:203: RuntimeWarning: divide by zero encountered in matmul
  ret = a @ b
/Library/Frameworks/Python.framework/Versions/3.13/lib/python3.13/site-packages/sklearn/utils/extmath.py:203: RuntimeWarning: overflow encountered in matmul
  ret = a @ b
/Library/Frameworks/Python.framework/Versions/3.13/lib/python3.13/site-packages/sklearn/utils/extmath.py:203: RuntimeWarning: invalid value encountered in matmul
  ret = a @ b
/Library/Frameworks/Python.framework/Versions/3.13/lib/python3.13/site-packages/sklearn/utils/extmath.py:203: RuntimeWarning: divide by zero encountered in matmul
  ret = a @ b
/Library/Frameworks/Python.framework/Versions/3.13/lib/python3.13/site-packages/sklearn/utils/extmath.py:203: RuntimeWarning: overflow encountered in matmul
  ret = a @ b
/Library/Frameworks/Python.framework/Versions/3.13/lib/python3.13/site-packages/sklearn/utils/extmath.py:203: RuntimeWarning: invalid value encountered in matmul
  ret = a @ b
/Library/Frameworks/Python.framework/Versions/3.13/lib/python3.13/site-packages/sklearn/utils/extmath.py:203: RuntimeWarning: divide by zero encountered in matmul
  ret = a @ b
/Library/Frameworks/Python.framework/Versions/3.13/lib/python3.13/site-packages/sklearn/utils/extmath.py:203: RuntimeWarning: overflow encountered in matmul
  ret = a @ b
/Library/Frameworks/Python.framework/Versions/3.13/lib/python3.13/site-packages/sklearn/utils/extmath.py:203: RuntimeWarning: invalid value encountered in matmul
  ret = a @ b
/Library/Frameworks/Python.framework/Versions/3.13/lib/python3.13/site-packages/sklearn/utils/extmath.py:203: RuntimeWarning: divide by zero encountered in matmul
  ret = a @ b
/Library/Frameworks/Python.framework/Versions/3.13/lib/python3.13/site-packages/sklearn/utils/extmath.py:203: RuntimeWarning: overflow encountered in matmul
  ret = a @ b
/Library/Frameworks/Python.framework/Versions/3.13/lib/python3.13/site-packages/sklearn/utils/extmath.py:203: RuntimeWarning: invalid value encountered in matmul
  ret = a @ b
/Library/Frameworks/Python.framework/Versions/3.13/lib/python3.13/site-packages/sklearn/utils/extmath.py:203: RuntimeWarning: divide by zero encountered in matmul
  ret = a @ b
/Library/Frameworks/Python.framework/Versions/3.13/lib/python3.13/site-packages/sklearn/utils/extmath.py:203: RuntimeWarning: overflow encountered in matmul
  ret = a @ b
/Library/Frameworks/Python.framework/Versions/3.13/lib/python3.13/site-packages/sklearn/utils/extmath.py:203: RuntimeWarning: invalid value encountered in matmul
  ret = a @ b
/Library/Frameworks/Python.framework/Versions/3.13/lib/python3.13/site-packages/sklearn/utils/extmath.py:203: RuntimeWarning: divide by zero encountered in matmul
  ret = a @ b
/Library/Frameworks/Python.framework/Versions/3.13/lib/python3.13/site-packages/sklearn/utils/extmath.py:203: RuntimeWarning: overflow encountered in matmul
  ret = a @ b
/Library/Frameworks/Python.framework/Versions/3.13/lib/python3.13/site-packages/sklearn/utils/extmath.py:203: RuntimeWarning: invalid value encountered in matmul
  ret = a @ b
/Library/Frameworks/Python.framework/Versions/3.13/lib/python3.13/site-packages/sklearn/utils/extmath.py:203: RuntimeWarning: divide by zero encountered in matmul
  ret = a @ b
/Library/Frameworks/Python.framework/Versions/3.13/lib/python3.13/site-packages/sklearn/utils/extmath.py:203: RuntimeWarning: overflow encountered in matmul
  ret = a @ b
/Library/Frameworks/Python.framework/Versions/3.13/lib/python3.13/site-packages/sklearn/utils/extmath.py:203: RuntimeWarning: invalid value encountered in matmul
  ret = a @ b
/Library/Frameworks/Python.framework/Versions/3.13/lib/python3.13/site-packages/sklearn/utils/extmath.py:203: RuntimeWarning: divide by zero encountered in matmul
  ret = a @ b
/Library/Frameworks/Python.framework/Versions/3.13/lib/python3.13/site-packages/sklearn/utils/extmath.py:203: RuntimeWarning: overflow encountered in matmul
  ret = a @ b
/Library/Frameworks/Python.framework/Versions/3.13/lib/python3.13/site-packages/sklearn/utils/extmath.py:203: RuntimeWarning: invalid value encountered in matmul
  ret = a @ b
/Library/Frameworks/Python.framework/Versions/3.13/lib/python3.13/site-packages/sklearn/utils/extmath.py:203: RuntimeWarning: divide by zero encountered in matmul
  ret = a @ b
/Library/Frameworks/Python.framework/Versions/3.13/lib/python3.13/site-packages/sklearn/utils/extmath.py:203: RuntimeWarning: overflow encountered in matmul
  ret = a @ b
/Library/Frameworks/Python.framework/Versions/3.13/lib/python3.13/site-packages/sklearn/utils/extmath.py:203: RuntimeWarning: invalid value encountered in matmul
  ret = a @ b
/Library/Frameworks/Python.framework/Versions/3.13/lib/python3.13/site-packages/sklearn/utils/extmath.py:203: RuntimeWarning: divide by zero encountered in matmul
  ret = a @ b
/Library/Frameworks/Python.framework/Versions/3.13/lib/python3.13/site-packages/sklearn/utils/extmath.py:203: RuntimeWarning: overflow encountered in matmul
  ret = a @ b
/Library/Frameworks/Python.framework/Versions/3.13/lib/python3.13/site-packages/sklearn/utils/extmath.py:203: RuntimeWarning: invalid value encountered in matmul
  ret = a @ b
/Library/Frameworks/Python.framework/Versions/3.13/lib/python3.13/site-packages/sklearn/utils/extmath.py:203: RuntimeWarning: divide by zero encountered in matmul
  ret = a @ b
/Library/Frameworks/Python.framework/Versions/3.13/lib/python3.13/site-packages/sklearn/utils/extmath.py:203: RuntimeWarning: overflow encountered in matmul
  ret = a @ b
/Library/Frameworks/Python.framework/Versions/3.13/lib/python3.13/site-packages/sklearn/utils/extmath.py:203: RuntimeWarning: invalid value encountered in matmul
  ret = a @ b
/Library/Frameworks/Python.framework/Versions/3.13/lib/python3.13/site-packages/sklearn/utils/extmath.py:203: RuntimeWarning: divide by zero encountered in matmul
  ret = a @ b
/Library/Frameworks/Python.framework/Versions/3.13/lib/python3.13/site-packages/sklearn/utils/extmath.py:203: RuntimeWarning: overflow encountered in matmul
  ret = a @ b
/Library/Frameworks/Python.framework/Versions/3.13/lib/python3.13/site-packages/sklearn/utils/extmath.py:203: RuntimeWarning: invalid value encountered in matmul
  ret = a @ b
val rbf_svm acc=0.401 (normal=0.503 mild=0.248 moderate=0.257 severe=0.596)
val rbf_svm conf normal[normal=0.50 mild=0.19 moderate=0.17 severe=0.14]  mild[normal=0.38 mild=0.25 moderate=0.21 severe=0.17]  moderate[normal=0.25 mild=0.19 moderate=0.26 severe=0.30]  severe[normal=0.12 mild=0.09 moderate=0.20 severe=0.60]
val rbf_svm EER  overall 30.54%±11.6  mild 39.70%±11.8  moderate 29.55%±15.6  severe 16.80%±15.8
val elasticnet_logreg acc=0.390 (normal=0.507 mild=0.187 moderate=0.198 severe=0.669)
val elasticnet_logreg conf normal[normal=0.51 mild=0.15 moderate=0.15 severe=0.20]  mild[normal=0.40 mild=0.19 moderate=0.17 severe=0.24]  moderate[normal=0.27 mild=0.14 moderate=0.20 severe=0.39]  severe[normal=0.13 mild=0.07 moderate=0.14 severe=0.67]
val elasticnet_logreg EER  overall 31.87%±12.1  mild 41.17%±12.1  moderate 30.82%±16.0  severe 18.12%±16.6
test
/Library/Frameworks/Python.framework/Versions/3.13/lib/python3.13/site-packages/sklearn/utils/extmath.py:203: RuntimeWarning: divide by zero encountered in matmul
  ret = a @ b
/Library/Frameworks/Python.framework/Versions/3.13/lib/python3.13/site-packages/sklearn/utils/extmath.py:203: RuntimeWarning: overflow encountered in matmul
  ret = a @ b
/Library/Frameworks/Python.framework/Versions/3.13/lib/python3.13/site-packages/sklearn/utils/extmath.py:203: RuntimeWarning: invalid value encountered in matmul
  ret = a @ b
/Library/Frameworks/Python.framework/Versions/3.13/lib/python3.13/site-packages/sklearn/utils/extmath.py:203: RuntimeWarning: divide by zero encountered in matmul
  ret = a @ b
/Library/Frameworks/Python.framework/Versions/3.13/lib/python3.13/site-packages/sklearn/utils/extmath.py:203: RuntimeWarning: overflow encountered in matmul
  ret = a @ b
/Library/Frameworks/Python.framework/Versions/3.13/lib/python3.13/site-packages/sklearn/utils/extmath.py:203: RuntimeWarning: invalid value encountered in matmul
  ret = a @ b
/Library/Frameworks/Python.framework/Versions/3.13/lib/python3.13/site-packages/sklearn/utils/extmath.py:203: RuntimeWarning: divide by zero encountered in matmul
  ret = a @ b
/Library/Frameworks/Python.framework/Versions/3.13/lib/python3.13/site-packages/sklearn/utils/extmath.py:203: RuntimeWarning: overflow encountered in matmul
  ret = a @ b
/Library/Frameworks/Python.framework/Versions/3.13/lib/python3.13/site-packages/sklearn/utils/extmath.py:203: RuntimeWarning: invalid value encountered in matmul
  ret = a @ b
/Library/Frameworks/Python.framework/Versions/3.13/lib/python3.13/site-packages/sklearn/utils/extmath.py:203: RuntimeWarning: divide by zero encountered in matmul
  ret = a @ b
/Library/Frameworks/Python.framework/Versions/3.13/lib/python3.13/site-packages/sklearn/utils/extmath.py:203: RuntimeWarning: overflow encountered in matmul
  ret = a @ b
/Library/Frameworks/Python.framework/Versions/3.13/lib/python3.13/site-packages/sklearn/utils/extmath.py:203: RuntimeWarning: invalid value encountered in matmul
  ret = a @ b
/Library/Frameworks/Python.framework/Versions/3.13/lib/python3.13/site-packages/sklearn/utils/extmath.py:203: RuntimeWarning: divide by zero encountered in matmul
  ret = a @ b
/Library/Frameworks/Python.framework/Versions/3.13/lib/python3.13/site-packages/sklearn/utils/extmath.py:203: RuntimeWarning: overflow encountered in matmul
  ret = a @ b
/Library/Frameworks/Python.framework/Versions/3.13/lib/python3.13/site-packages/sklearn/utils/extmath.py:203: RuntimeWarning: invalid value encountered in matmul
  ret = a @ b
/Library/Frameworks/Python.framework/Versions/3.13/lib/python3.13/site-packages/sklearn/utils/extmath.py:203: RuntimeWarning: divide by zero encountered in matmul
  ret = a @ b
/Library/Frameworks/Python.framework/Versions/3.13/lib/python3.13/site-packages/sklearn/utils/extmath.py:203: RuntimeWarning: overflow encountered in matmul
  ret = a @ b
/Library/Frameworks/Python.framework/Versions/3.13/lib/python3.13/site-packages/sklearn/utils/extmath.py:203: RuntimeWarning: invalid value encountered in matmul
  ret = a @ b
/Library/Frameworks/Python.framework/Versions/3.13/lib/python3.13/site-packages/sklearn/utils/extmath.py:203: RuntimeWarning: divide by zero encountered in matmul
  ret = a @ b
/Library/Frameworks/Python.framework/Versions/3.13/lib/python3.13/site-packages/sklearn/utils/extmath.py:203: RuntimeWarning: overflow encountered in matmul
  ret = a @ b
/Library/Frameworks/Python.framework/Versions/3.13/lib/python3.13/site-packages/sklearn/utils/extmath.py:203: RuntimeWarning: invalid value encountered in matmul
  ret = a @ b
/Library/Frameworks/Python.framework/Versions/3.13/lib/python3.13/site-packages/sklearn/utils/extmath.py:203: RuntimeWarning: divide by zero encountered in matmul
  ret = a @ b
/Library/Frameworks/Python.framework/Versions/3.13/lib/python3.13/site-packages/sklearn/utils/extmath.py:203: RuntimeWarning: overflow encountered in matmul
  ret = a @ b
/Library/Frameworks/Python.framework/Versions/3.13/lib/python3.13/site-packages/sklearn/utils/extmath.py:203: RuntimeWarning: invalid value encountered in matmul
  ret = a @ b
/Library/Frameworks/Python.framework/Versions/3.13/lib/python3.13/site-packages/sklearn/utils/extmath.py:203: RuntimeWarning: divide by zero encountered in matmul
  ret = a @ b
/Library/Frameworks/Python.framework/Versions/3.13/lib/python3.13/site-packages/sklearn/utils/extmath.py:203: RuntimeWarning: overflow encountered in matmul
  ret = a @ b
/Library/Frameworks/Python.framework/Versions/3.13/lib/python3.13/site-packages/sklearn/utils/extmath.py:203: RuntimeWarning: invalid value encountered in matmul
  ret = a @ b
/Library/Frameworks/Python.framework/Versions/3.13/lib/python3.13/site-packages/sklearn/utils/extmath.py:203: RuntimeWarning: divide by zero encountered in matmul
  ret = a @ b
/Library/Frameworks/Python.framework/Versions/3.13/lib/python3.13/site-packages/sklearn/utils/extmath.py:203: RuntimeWarning: overflow encountered in matmul
  ret = a @ b
/Library/Frameworks/Python.framework/Versions/3.13/lib/python3.13/site-packages/sklearn/utils/extmath.py:203: RuntimeWarning: invalid value encountered in matmul
  ret = a @ b
/Library/Frameworks/Python.framework/Versions/3.13/lib/python3.13/site-packages/sklearn/utils/extmath.py:203: RuntimeWarning: divide by zero encountered in matmul
  ret = a @ b
/Library/Frameworks/Python.framework/Versions/3.13/lib/python3.13/site-packages/sklearn/utils/extmath.py:203: RuntimeWarning: overflow encountered in matmul
  ret = a @ b
/Library/Frameworks/Python.framework/Versions/3.13/lib/python3.13/site-packages/sklearn/utils/extmath.py:203: RuntimeWarning: invalid value encountered in matmul
  ret = a @ b
/Library/Frameworks/Python.framework/Versions/3.13/lib/python3.13/site-packages/sklearn/utils/extmath.py:203: RuntimeWarning: divide by zero encountered in matmul
  ret = a @ b
/Library/Frameworks/Python.framework/Versions/3.13/lib/python3.13/site-packages/sklearn/utils/extmath.py:203: RuntimeWarning: overflow encountered in matmul
  ret = a @ b
/Library/Frameworks/Python.framework/Versions/3.13/lib/python3.13/site-packages/sklearn/utils/extmath.py:203: RuntimeWarning: invalid value encountered in matmul
  ret = a @ b
/Library/Frameworks/Python.framework/Versions/3.13/lib/python3.13/site-packages/sklearn/utils/extmath.py:203: RuntimeWarning: divide by zero encountered in matmul
  ret = a @ b
/Library/Frameworks/Python.framework/Versions/3.13/lib/python3.13/site-packages/sklearn/utils/extmath.py:203: RuntimeWarning: overflow encountered in matmul
  ret = a @ b
/Library/Frameworks/Python.framework/Versions/3.13/lib/python3.13/site-packages/sklearn/utils/extmath.py:203: RuntimeWarning: invalid value encountered in matmul
  ret = a @ b
/Library/Frameworks/Python.framework/Versions/3.13/lib/python3.13/site-packages/sklearn/utils/extmath.py:203: RuntimeWarning: divide by zero encountered in matmul
  ret = a @ b
/Library/Frameworks/Python.framework/Versions/3.13/lib/python3.13/site-packages/sklearn/utils/extmath.py:203: RuntimeWarning: overflow encountered in matmul
  ret = a @ b
/Library/Frameworks/Python.framework/Versions/3.13/lib/python3.13/site-packages/sklearn/utils/extmath.py:203: RuntimeWarning: invalid value encountered in matmul
  ret = a @ b
/Library/Frameworks/Python.framework/Versions/3.13/lib/python3.13/site-packages/sklearn/utils/extmath.py:203: RuntimeWarning: divide by zero encountered in matmul
  ret = a @ b
/Library/Frameworks/Python.framework/Versions/3.13/lib/python3.13/site-packages/sklearn/utils/extmath.py:203: RuntimeWarning: overflow encountered in matmul
  ret = a @ b
/Library/Frameworks/Python.framework/Versions/3.13/lib/python3.13/site-packages/sklearn/utils/extmath.py:203: RuntimeWarning: invalid value encountered in matmul
  ret = a @ b
/Library/Frameworks/Python.framework/Versions/3.13/lib/python3.13/site-packages/sklearn/utils/extmath.py:203: RuntimeWarning: divide by zero encountered in matmul
  ret = a @ b
/Library/Frameworks/Python.framework/Versions/3.13/lib/python3.13/site-packages/sklearn/utils/extmath.py:203: RuntimeWarning: overflow encountered in matmul
  ret = a @ b
/Library/Frameworks/Python.framework/Versions/3.13/lib/python3.13/site-packages/sklearn/utils/extmath.py:203: RuntimeWarning: invalid value encountered in matmul
  ret = a @ b
/Library/Frameworks/Python.framework/Versions/3.13/lib/python3.13/site-packages/sklearn/utils/extmath.py:203: RuntimeWarning: divide by zero encountered in matmul
  ret = a @ b
/Library/Frameworks/Python.framework/Versions/3.13/lib/python3.13/site-packages/sklearn/utils/extmath.py:203: RuntimeWarning: overflow encountered in matmul
  ret = a @ b
/Library/Frameworks/Python.framework/Versions/3.13/lib/python3.13/site-packages/sklearn/utils/extmath.py:203: RuntimeWarning: invalid value encountered in matmul
  ret = a @ b
/Library/Frameworks/Python.framework/Versions/3.13/lib/python3.13/site-packages/sklearn/utils/extmath.py:203: RuntimeWarning: divide by zero encountered in matmul
  ret = a @ b
/Library/Frameworks/Python.framework/Versions/3.13/lib/python3.13/site-packages/sklearn/utils/extmath.py:203: RuntimeWarning: overflow encountered in matmul
  ret = a @ b
/Library/Frameworks/Python.framework/Versions/3.13/lib/python3.13/site-packages/sklearn/utils/extmath.py:203: RuntimeWarning: invalid value encountered in matmul
  ret = a @ b
/Library/Frameworks/Python.framework/Versions/3.13/lib/python3.13/site-packages/sklearn/utils/extmath.py:203: RuntimeWarning: divide by zero encountered in matmul
  ret = a @ b
/Library/Frameworks/Python.framework/Versions/3.13/lib/python3.13/site-packages/sklearn/utils/extmath.py:203: RuntimeWarning: overflow encountered in matmul
  ret = a @ b
/Library/Frameworks/Python.framework/Versions/3.13/lib/python3.13/site-packages/sklearn/utils/extmath.py:203: RuntimeWarning: invalid value encountered in matmul
  ret = a @ b
/Library/Frameworks/Python.framework/Versions/3.13/lib/python3.13/site-packages/sklearn/utils/extmath.py:203: RuntimeWarning: divide by zero encountered in matmul
  ret = a @ b
/Library/Frameworks/Python.framework/Versions/3.13/lib/python3.13/site-packages/sklearn/utils/extmath.py:203: RuntimeWarning: overflow encountered in matmul
  ret = a @ b
/Library/Frameworks/Python.framework/Versions/3.13/lib/python3.13/site-packages/sklearn/utils/extmath.py:203: RuntimeWarning: invalid value encountered in matmul
  ret = a @ b
/Library/Frameworks/Python.framework/Versions/3.13/lib/python3.13/site-packages/sklearn/utils/extmath.py:203: RuntimeWarning: divide by zero encountered in matmul
  ret = a @ b
/Library/Frameworks/Python.framework/Versions/3.13/lib/python3.13/site-packages/sklearn/utils/extmath.py:203: RuntimeWarning: overflow encountered in matmul
  ret = a @ b
/Library/Frameworks/Python.framework/Versions/3.13/lib/python3.13/site-packages/sklearn/utils/extmath.py:203: RuntimeWarning: invalid value encountered in matmul
  ret = a @ b
/Library/Frameworks/Python.framework/Versions/3.13/lib/python3.13/site-packages/sklearn/utils/extmath.py:203: RuntimeWarning: divide by zero encountered in matmul
  ret = a @ b
/Library/Frameworks/Python.framework/Versions/3.13/lib/python3.13/site-packages/sklearn/utils/extmath.py:203: RuntimeWarning: overflow encountered in matmul
  ret = a @ b
/Library/Frameworks/Python.framework/Versions/3.13/lib/python3.13/site-packages/sklearn/utils/extmath.py:203: RuntimeWarning: invalid value encountered in matmul
  ret = a @ b
/Library/Frameworks/Python.framework/Versions/3.13/lib/python3.13/site-packages/sklearn/utils/extmath.py:203: RuntimeWarning: divide by zero encountered in matmul
  ret = a @ b
/Library/Frameworks/Python.framework/Versions/3.13/lib/python3.13/site-packages/sklearn/utils/extmath.py:203: RuntimeWarning: overflow encountered in matmul
  ret = a @ b
/Library/Frameworks/Python.framework/Versions/3.13/lib/python3.13/site-packages/sklearn/utils/extmath.py:203: RuntimeWarning: invalid value encountered in matmul
  ret = a @ b
/Library/Frameworks/Python.framework/Versions/3.13/lib/python3.13/site-packages/sklearn/utils/extmath.py:203: RuntimeWarning: divide by zero encountered in matmul
  ret = a @ b
/Library/Frameworks/Python.framework/Versions/3.13/lib/python3.13/site-packages/sklearn/utils/extmath.py:203: RuntimeWarning: overflow encountered in matmul
  ret = a @ b
/Library/Frameworks/Python.framework/Versions/3.13/lib/python3.13/site-packages/sklearn/utils/extmath.py:203: RuntimeWarning: invalid value encountered in matmul
  ret = a @ b
/Library/Frameworks/Python.framework/Versions/3.13/lib/python3.13/site-packages/sklearn/utils/extmath.py:203: RuntimeWarning: divide by zero encountered in matmul
  ret = a @ b
/Library/Frameworks/Python.framework/Versions/3.13/lib/python3.13/site-packages/sklearn/utils/extmath.py:203: RuntimeWarning: overflow encountered in matmul
  ret = a @ b
/Library/Frameworks/Python.framework/Versions/3.13/lib/python3.13/site-packages/sklearn/utils/extmath.py:203: RuntimeWarning: invalid value encountered in matmul
  ret = a @ b
/Library/Frameworks/Python.framework/Versions/3.13/lib/python3.13/site-packages/sklearn/utils/extmath.py:203: RuntimeWarning: divide by zero encountered in matmul
  ret = a @ b
/Library/Frameworks/Python.framework/Versions/3.13/lib/python3.13/site-packages/sklearn/utils/extmath.py:203: RuntimeWarning: overflow encountered in matmul
  ret = a @ b
/Library/Frameworks/Python.framework/Versions/3.13/lib/python3.13/site-packages/sklearn/utils/extmath.py:203: RuntimeWarning: invalid value encountered in matmul
  ret = a @ b
/Library/Frameworks/Python.framework/Versions/3.13/lib/python3.13/site-packages/sklearn/utils/extmath.py:203: RuntimeWarning: divide by zero encountered in matmul
  ret = a @ b
/Library/Frameworks/Python.framework/Versions/3.13/lib/python3.13/site-packages/sklearn/utils/extmath.py:203: RuntimeWarning: overflow encountered in matmul
  ret = a @ b
/Library/Frameworks/Python.framework/Versions/3.13/lib/python3.13/site-packages/sklearn/utils/extmath.py:203: RuntimeWarning: invalid value encountered in matmul
  ret = a @ b
/Library/Frameworks/Python.framework/Versions/3.13/lib/python3.13/site-packages/sklearn/utils/extmath.py:203: RuntimeWarning: divide by zero encountered in matmul
  ret = a @ b
/Library/Frameworks/Python.framework/Versions/3.13/lib/python3.13/site-packages/sklearn/utils/extmath.py:203: RuntimeWarning: overflow encountered in matmul
  ret = a @ b
/Library/Frameworks/Python.framework/Versions/3.13/lib/python3.13/site-packages/sklearn/utils/extmath.py:203: RuntimeWarning: invalid value encountered in matmul
  ret = a @ b
/Library/Frameworks/Python.framework/Versions/3.13/lib/python3.13/site-packages/sklearn/utils/extmath.py:203: RuntimeWarning: divide by zero encountered in matmul
  ret = a @ b
/Library/Frameworks/Python.framework/Versions/3.13/lib/python3.13/site-packages/sklearn/utils/extmath.py:203: RuntimeWarning: overflow encountered in matmul
  ret = a @ b
/Library/Frameworks/Python.framework/Versions/3.13/lib/python3.13/site-packages/sklearn/utils/extmath.py:203: RuntimeWarning: invalid value encountered in matmul
  ret = a @ b
/Library/Frameworks/Python.framework/Versions/3.13/lib/python3.13/site-packages/sklearn/utils/extmath.py:203: RuntimeWarning: divide by zero encountered in matmul
  ret = a @ b
/Library/Frameworks/Python.framework/Versions/3.13/lib/python3.13/site-packages/sklearn/utils/extmath.py:203: RuntimeWarning: overflow encountered in matmul
  ret = a @ b
/Library/Frameworks/Python.framework/Versions/3.13/lib/python3.13/site-packages/sklearn/utils/extmath.py:203: RuntimeWarning: invalid value encountered in matmul
  ret = a @ b
/Library/Frameworks/Python.framework/Versions/3.13/lib/python3.13/site-packages/sklearn/utils/extmath.py:203: RuntimeWarning: divide by zero encountered in matmul
  ret = a @ b
/Library/Frameworks/Python.framework/Versions/3.13/lib/python3.13/site-packages/sklearn/utils/extmath.py:203: RuntimeWarning: overflow encountered in matmul
  ret = a @ b
/Library/Frameworks/Python.framework/Versions/3.13/lib/python3.13/site-packages/sklearn/utils/extmath.py:203: RuntimeWarning: invalid value encountered in matmul
  ret = a @ b
/Library/Frameworks/Python.framework/Versions/3.13/lib/python3.13/site-packages/sklearn/utils/extmath.py:203: RuntimeWarning: divide by zero encountered in matmul
  ret = a @ b
/Library/Frameworks/Python.framework/Versions/3.13/lib/python3.13/site-packages/sklearn/utils/extmath.py:203: RuntimeWarning: overflow encountered in matmul
  ret = a @ b
/Library/Frameworks/Python.framework/Versions/3.13/lib/python3.13/site-packages/sklearn/utils/extmath.py:203: RuntimeWarning: invalid value encountered in matmul
  ret = a @ b
/Library/Frameworks/Python.framework/Versions/3.13/lib/python3.13/site-packages/sklearn/utils/extmath.py:203: RuntimeWarning: divide by zero encountered in matmul
  ret = a @ b
/Library/Frameworks/Python.framework/Versions/3.13/lib/python3.13/site-packages/sklearn/utils/extmath.py:203: RuntimeWarning: overflow encountered in matmul
  ret = a @ b
/Library/Frameworks/Python.framework/Versions/3.13/lib/python3.13/site-packages/sklearn/utils/extmath.py:203: RuntimeWarning: invalid value encountered in matmul
  ret = a @ b
/Library/Frameworks/Python.framework/Versions/3.13/lib/python3.13/site-packages/sklearn/utils/extmath.py:203: RuntimeWarning: divide by zero encountered in matmul
  ret = a @ b
/Library/Frameworks/Python.framework/Versions/3.13/lib/python3.13/site-packages/sklearn/utils/extmath.py:203: RuntimeWarning: overflow encountered in matmul
  ret = a @ b
/Library/Frameworks/Python.framework/Versions/3.13/lib/python3.13/site-packages/sklearn/utils/extmath.py:203: RuntimeWarning: invalid value encountered in matmul
  ret = a @ b
/Library/Frameworks/Python.framework/Versions/3.13/lib/python3.13/site-packages/sklearn/utils/extmath.py:203: RuntimeWarning: divide by zero encountered in matmul
  ret = a @ b
/Library/Frameworks/Python.framework/Versions/3.13/lib/python3.13/site-packages/sklearn/utils/extmath.py:203: RuntimeWarning: overflow encountered in matmul
  ret = a @ b
/Library/Frameworks/Python.framework/Versions/3.13/lib/python3.13/site-packages/sklearn/utils/extmath.py:203: RuntimeWarning: invalid value encountered in matmul
  ret = a @ b
/Library/Frameworks/Python.framework/Versions/3.13/lib/python3.13/site-packages/sklearn/utils/extmath.py:203: RuntimeWarning: divide by zero encountered in matmul
  ret = a @ b
/Library/Frameworks/Python.framework/Versions/3.13/lib/python3.13/site-packages/sklearn/utils/extmath.py:203: RuntimeWarning: overflow encountered in matmul
  ret = a @ b
/Library/Frameworks/Python.framework/Versions/3.13/lib/python3.13/site-packages/sklearn/utils/extmath.py:203: RuntimeWarning: invalid value encountered in matmul
  ret = a @ b
/Library/Frameworks/Python.framework/Versions/3.13/lib/python3.13/site-packages/sklearn/utils/extmath.py:203: RuntimeWarning: divide by zero encountered in matmul
  ret = a @ b
/Library/Frameworks/Python.framework/Versions/3.13/lib/python3.13/site-packages/sklearn/utils/extmath.py:203: RuntimeWarning: overflow encountered in matmul
  ret = a @ b
/Library/Frameworks/Python.framework/Versions/3.13/lib/python3.13/site-packages/sklearn/utils/extmath.py:203: RuntimeWarning: invalid value encountered in matmul
  ret = a @ b
/Library/Frameworks/Python.framework/Versions/3.13/lib/python3.13/site-packages/sklearn/utils/extmath.py:203: RuntimeWarning: divide by zero encountered in matmul
  ret = a @ b
/Library/Frameworks/Python.framework/Versions/3.13/lib/python3.13/site-packages/sklearn/utils/extmath.py:203: RuntimeWarning: overflow encountered in matmul
  ret = a @ b
/Library/Frameworks/Python.framework/Versions/3.13/lib/python3.13/site-packages/sklearn/utils/extmath.py:203: RuntimeWarning: invalid value encountered in matmul
  ret = a @ b
/Library/Frameworks/Python.framework/Versions/3.13/lib/python3.13/site-packages/sklearn/utils/extmath.py:203: RuntimeWarning: divide by zero encountered in matmul
  ret = a @ b
/Library/Frameworks/Python.framework/Versions/3.13/lib/python3.13/site-packages/sklearn/utils/extmath.py:203: RuntimeWarning: overflow encountered in matmul
  ret = a @ b
/Library/Frameworks/Python.framework/Versions/3.13/lib/python3.13/site-packages/sklearn/utils/extmath.py:203: RuntimeWarning: invalid value encountered in matmul
  ret = a @ b
/Library/Frameworks/Python.framework/Versions/3.13/lib/python3.13/site-packages/sklearn/utils/extmath.py:203: RuntimeWarning: divide by zero encountered in matmul
  ret = a @ b
/Library/Frameworks/Python.framework/Versions/3.13/lib/python3.13/site-packages/sklearn/utils/extmath.py:203: RuntimeWarning: overflow encountered in matmul
  ret = a @ b
/Library/Frameworks/Python.framework/Versions/3.13/lib/python3.13/site-packages/sklearn/utils/extmath.py:203: RuntimeWarning: invalid value encountered in matmul
  ret = a @ b
/Library/Frameworks/Python.framework/Versions/3.13/lib/python3.13/site-packages/sklearn/utils/extmath.py:203: RuntimeWarning: divide by zero encountered in matmul
  ret = a @ b
/Library/Frameworks/Python.framework/Versions/3.13/lib/python3.13/site-packages/sklearn/utils/extmath.py:203: RuntimeWarning: overflow encountered in matmul
  ret = a @ b
/Library/Frameworks/Python.framework/Versions/3.13/lib/python3.13/site-packages/sklearn/utils/extmath.py:203: RuntimeWarning: invalid value encountered in matmul
  ret = a @ b
/Library/Frameworks/Python.framework/Versions/3.13/lib/python3.13/site-packages/sklearn/utils/extmath.py:203: RuntimeWarning: divide by zero encountered in matmul
  ret = a @ b
/Library/Frameworks/Python.framework/Versions/3.13/lib/python3.13/site-packages/sklearn/utils/extmath.py:203: RuntimeWarning: overflow encountered in matmul
  ret = a @ b
/Library/Frameworks/Python.framework/Versions/3.13/lib/python3.13/site-packages/sklearn/utils/extmath.py:203: RuntimeWarning: invalid value encountered in matmul
  ret = a @ b
/Library/Frameworks/Python.framework/Versions/3.13/lib/python3.13/site-packages/sklearn/utils/extmath.py:203: RuntimeWarning: divide by zero encountered in matmul
  ret = a @ b
/Library/Frameworks/Python.framework/Versions/3.13/lib/python3.13/site-packages/sklearn/utils/extmath.py:203: RuntimeWarning: overflow encountered in matmul
  ret = a @ b
/Library/Frameworks/Python.framework/Versions/3.13/lib/python3.13/site-packages/sklearn/utils/extmath.py:203: RuntimeWarning: invalid value encountered in matmul
  ret = a @ b
/Library/Frameworks/Python.framework/Versions/3.13/lib/python3.13/site-packages/sklearn/utils/extmath.py:203: RuntimeWarning: divide by zero encountered in matmul
  ret = a @ b
/Library/Frameworks/Python.framework/Versions/3.13/lib/python3.13/site-packages/sklearn/utils/extmath.py:203: RuntimeWarning: overflow encountered in matmul
  ret = a @ b
/Library/Frameworks/Python.framework/Versions/3.13/lib/python3.13/site-packages/sklearn/utils/extmath.py:203: RuntimeWarning: invalid value encountered in matmul
  ret = a @ b
test rbf_svm acc=0.402 (normal=0.507 mild=0.242 moderate=0.256 severe=0.602)
test rbf_svm conf normal[normal=0.51 mild=0.19 moderate=0.17 severe=0.14]  mild[normal=0.38 mild=0.24 moderate=0.21 severe=0.17]  moderate[normal=0.25 mild=0.18 moderate=0.26 severe=0.31]  severe[normal=0.12 mild=0.09 moderate=0.19 severe=0.60]
test rbf_svm EER  overall 30.52%±11.6  mild 39.67%±11.8  moderate 29.45%±15.5  severe 16.91%±15.9
test elasticnet_logreg acc=0.388 (normal=0.507 mild=0.178 moderate=0.194 severe=0.673)
test elasticnet_logreg conf normal[normal=0.51 mild=0.14 moderate=0.14 severe=0.20]  mild[normal=0.41 mild=0.18 moderate=0.17 severe=0.24]  moderate[normal=0.28 mild=0.14 moderate=0.19 severe=0.39]  severe[normal=0.13 mild=0.07 moderate=0.13 severe=0.67]
test elasticnet_logreg EER  overall 32.05%±12.1  mild 41.44%±12.0  moderate 31.12%±16.2  severe 18.20%±16.7
saved /Users/eddiejabrouti/dev/research/TypeNet-Prototype/prototype_net/exp2/classic_v4_64x512_unseen_models.joblib
RESULT_JSON {"feature": "typenet-128", "final_test_fingerprint": "d9597ce6c21120e246e7533fd252555821f5bdbcc14490cb77dd28ccb931bcbc", "fit_users": 2000, "logreg_samples": 117300, "svm_samples": 20000, "test": {"elasticnet_logreg": {"accuracy": {"by_class": {"mild": 0.178274148152584, "moderate": 0.1936762680400024, "normal": 0.5070004191867776, "severe": 0.67284268519073}, "confusion": {"mild": {"mild": 0.178274148152584, "moderate": 0.1707527396850111, "normal": 0.4094616444098449, "severe": 0.24151146775256002}, "moderate": {"mild": 0.1373854721839631, "moderate": 0.1936762680400024, "normal": 0.2763039702976226, "severe": 0.3926342894784119}, "normal": {"mild": 0.14466734535002096, "moderate": 0.14493083418168753, "normal": 0.5070004191867776, "severe": 0.20340140128151385}, "severe": {"mild": 0.06751302473201988, "moderate": 0.1331576741122223, "normal": 0.12648661596502783, "severe": 0.67284268519073}}, "overall": 0.38794838014252353}, "per_user": {"mild": {"mean": 0.41444397868135824, "standard_deviation": 0.12021202906770266}, "moderate": {"mean": 0.31116833343313977, "standard_deviation": 0.16157407081269795}, "overall": {"mean": 0.32049424117212616, "standard_deviation": 0.12135512930102031}, "severe": {"mean": 0.18202287562129468, "standard_deviation": 0.1671370770320107}}, "per_user_eer": 0.32049424117212616, "threshold": 0.7366864681243896}, "rbf_svm": {"accuracy": {"by_class": {"mild": 0.24153542128271155, "moderate": 0.25642254027187256, "normal": 0.5065213485837475, "severe": 0.6024791903706809}, "confusion": {"mild": {"mild": 0.24153542128271155, "moderate": 0.21238397508832865, "normal": 0.3791005449428109, "severe": 0.16698005868614887}, "moderate": {"mild": 0.1824540391640218, "moderate": 0.25642254027187256, "normal": 0.25280555721899517, "severe": 0.30831786334511047}, "normal": {"mild": 0.1892688184921253, "moderate": 0.16514761362955865, "normal": 0.5065213485837475, "severe": 0.13906221929456855}, "severe": {"mild": 0.08540631175519492, "moderate": 0.19353254685909335, "normal": 0.11858195101503084, "severe": 0.6024791903706809}}, "overall": 0.40173962512725314}, "per_user": {"mild": {"mean": 0.3967123779867059, "standard_deviation": 0.11807423095873293}, "moderate": {"mean": 0.29451464159530505, "standard_deviation": 0.15500078547485502}, "overall": {"mean": 0.3052418308481546, "standard_deviation": 0.11590976028938761}, "severe": {"mean": 0.16914186478232232, "standard_deviation": 0.15910944501594765}}, "per_user_eer": 0.3052418308481546, "threshold": 0.7298148382293914}}, "train_accuracy": {"elasticnet_logreg": 0.39585677749360615, "rbf_svm": 0.41092071611253195}, "val": {"elasticnet_logreg": {"accuracy": {"by_class": {"mild": 0.18705724107009417, "moderate": 0.19775818263338812, "normal": 0.5070094156329398, "severe": 0.6686295023165446}, "confusion": {"mild": {"mild": 0.18705724107009417, "moderate": 0.17411448214018832, "normal": 0.40340756239725006, "severe": 0.2354207143924675}, "moderate": {"mild": 0.14210133014497087, "moderate": 0.19775818263338812, "normal": 0.2740696457928561, "severe": 0.38607084142878495}, "normal": {"mild": 0.14897623673591393, "moderate": 0.14562845613510686, "normal": 0.5070094156329398, "severe": 0.19838589149603947}, "severe": {"mild": 0.06871917501120908, "moderate": 0.13603347780600808, "normal": 0.12661784486623823, "severe": 0.6686295023165446}}, "overall": 0.3901135854132417}, "per_user": {"mild": {"mean": 0.4116574503063818, "standard_deviation": 0.12050975205423708}, "moderate": {"mean": 0.30820505156179945, "standard_deviation": 0.16043373743821138}, "overall": {"mean": 0.3187316295521347, "standard_deviation": 0.12143867121756699}, "severe": {"mean": 0.18119862501868184, "standard_deviation": 0.16586381046173482}}, "per_user_eer": 0.3187316295521347, "threshold": 0.7363246083259583}, "rbf_svm": {"accuracy": {"by_class": {"mild": 0.24839336422059483, "moderate": 0.25742041548348527, "normal": 0.5034822896428037, "severe": 0.5960245105365416}, "confusion": {"mild": {"mild": 0.24839336422059483, "moderate": 0.2081303243162457, "normal": 0.3762666268121357, "severe": 0.16720968465102376}, "moderate": {"mild": 0.18568225975190555, "moderate": 0.25742041548348527, "normal": 0.25278732625915407, "severe": 0.3041099985054551}, "normal": {"mild": 0.19423105664325213, "moderate": 0.1660439396203856, "normal": 0.5034822896428037, "severe": 0.1362427140935585}, "severe": {"mild": 0.08713196831564789, "moderate": 0.19868480047825438, "normal": 0.11815872066955611, "severe": 0.5960245105365416}}, "overall": 0.40133014497085634}, "per_user": {"mild": {"mean": 0.39704080107607237, "standard_deviation": 0.11799741862755235}, "moderate": {"mean": 0.295531310715887, "standard_deviation": 0.15557030626012067}, "overall": {"mean": 0.305370398047128, "standard_deviation": 0.1161428064278597}, "severe": {"mean": 0.16800179345389327, "standard_deviation": 0.15817256352891046}}, "per_user_eer": 0.305370398047128, "threshold": 0.7293200455856982}}}
