Aalto pretraining 1/10: masked MSE 0.54384
Aalto pretraining 2/10: masked MSE 0.39749
Aalto pretraining 3/10: masked MSE 0.36220
Aalto pretraining 4/10: masked MSE 0.32921
Aalto pretraining 5/10: masked MSE 0.34239
Aalto pretraining 6/10: masked MSE 0.30192
Aalto pretraining 7/10: masked MSE 0.29251
Aalto pretraining 8/10: masked MSE 0.31436
Aalto pretraining 9/10: masked MSE 0.28987
Aalto pretraining 10/10: masked MSE 0.27920
motor_pd dummy_none_raw {'auroc': 0.48850574712643674, 'average_precision': 0.5028248587570622, 'accuracy': 0.5084745762711864, 'balanced_accuracy': 0.5, 'sensitivity': 1.0, 'specificity': 0.0, 'log_loss': 0.6933701223968846, 'confusion_matrix': [[0, 29], [0, 30]]}
motor_pd xgboost_none_raw {'auroc': 0.7086206896551724, 'average_precision': 0.7202687500783148, 'accuracy': 0.6610169491525424, 'balanced_accuracy': 0.6609195402298851, 'sensitivity': 0.6666666666666666, 'specificity': 0.6551724137931034, 'log_loss': 0.6344225898371025, 'confusion_matrix': [[19, 10], [10, 20]]}
motor_pd xgboost_none_pretrained {'auroc': 0.7264367816091956, 'average_precision': 0.7458329529199383, 'accuracy': 0.6101694915254238, 'balanced_accuracy': 0.6103448275862069, 'sensitivity': 0.6, 'specificity': 0.6206896551724138, 'log_loss': 0.6352848818959137, 'confusion_matrix': [[18, 11], [12, 18]]}
motor_pd xgboost_smote_raw {'auroc': 0.7224137931034482, 'average_precision': 0.7239351197455222, 'accuracy': 0.6779661016949152, 'balanced_accuracy': 0.6775862068965517, 'sensitivity': 0.7, 'specificity': 0.6551724137931034, 'log_loss': 0.6314669074800263, 'confusion_matrix': [[19, 10], [9, 21]]}
motor_pd xgboost_smote_pretrained {'auroc': 0.7017241379310345, 'average_precision': 0.6968107903850688, 'accuracy': 0.6779661016949152, 'balanced_accuracy': 0.6775862068965517, 'sensitivity': 0.7, 'specificity': 0.6551724137931034, 'log_loss': 0.6718589231271728, 'confusion_matrix': [[19, 10], [9, 21]]}
motor_pd random_forest_none_raw {'auroc': 0.7735632183908046, 'average_precision': 0.8206613773920949, 'accuracy': 0.6949152542372882, 'balanced_accuracy': 0.6965517241379311, 'sensitivity': 0.6, 'specificity': 0.7931034482758621, 'log_loss': 0.5841039046148875, 'confusion_matrix': [[23, 6], [12, 18]]}
motor_pd random_forest_none_pretrained {'auroc': 0.7804597701149426, 'average_precision': 0.8109386233350243, 'accuracy': 0.6610169491525424, 'balanced_accuracy': 0.6609195402298851, 'sensitivity': 0.6666666666666666, 'specificity': 0.6551724137931034, 'log_loss': 0.5760228355133824, 'confusion_matrix': [[19, 10], [10, 20]]}
motor_pd random_forest_smote_raw {'auroc': 0.7218390804597701, 'average_precision': 0.7614077344216574, 'accuracy': 0.5932203389830508, 'balanced_accuracy': 0.5913793103448276, 'sensitivity': 0.7, 'specificity': 0.4827586206896552, 'log_loss': 0.6924261047962178, 'confusion_matrix': [[14, 15], [9, 21]]}
motor_pd random_forest_smote_pretrained {'auroc': 0.7114942528735632, 'average_precision': 0.7347266537762932, 'accuracy': 0.6440677966101694, 'balanced_accuracy': 0.6436781609195402, 'sensitivity': 0.6666666666666666, 'specificity': 0.6206896551724138, 'log_loss': 0.7595978017809007, 'confusion_matrix': [[18, 11], [10, 20]]}
motor_pd tabnet_none_raw {'auroc': 0.7333333333333333, 'average_precision': 0.8013369664349832, 'accuracy': 0.6779661016949152, 'balanced_accuracy': 0.678735632183908, 'sensitivity': 0.6333333333333333, 'specificity': 0.7241379310344828, 'log_loss': 0.5918560521470969, 'confusion_matrix': [[21, 8], [11, 19]]}
motor_pd tabnet_none_pretrained {'auroc': 0.725287356321839, 'average_precision': 0.7752554991870177, 'accuracy': 0.576271186440678, 'balanced_accuracy': 0.5718390804597702, 'sensitivity': 0.8333333333333334, 'specificity': 0.3103448275862069, 'log_loss': 0.6439950282850786, 'confusion_matrix': [[9, 20], [5, 25]]}
motor_pd tabnet_smote_raw {'auroc': 0.6666666666666667, 'average_precision': 0.6383230641029574, 'accuracy': 0.6779661016949152, 'balanced_accuracy': 0.6793103448275861, 'sensitivity': 0.6, 'specificity': 0.7586206896551724, 'log_loss': 0.7712165593158984, 'confusion_matrix': [[22, 7], [12, 18]]}
motor_pd tabnet_smote_pretrained {'auroc': 0.754022988505747, 'average_precision': 0.7725779752259896, 'accuracy': 0.6779661016949152, 'balanced_accuracy': 0.6752873563218391, 'sensitivity': 0.8333333333333334, 'specificity': 0.5172413793103449, 'log_loss': 0.596249634645961, 'confusion_matrix': [[15, 14], [5, 25]]}
motor_pd node_none_raw {'auroc': 0.7724137931034483, 'average_precision': 0.8103282115676159, 'accuracy': 0.711864406779661, 'balanced_accuracy': 0.7120689655172414, 'sensitivity': 0.7, 'specificity': 0.7241379310344828, 'log_loss': 0.5698895671449493, 'confusion_matrix': [[21, 8], [9, 21]]}
motor_pd node_none_pretrained {'auroc': 0.732183908045977, 'average_precision': 0.7401324387592735, 'accuracy': 0.6779661016949152, 'balanced_accuracy': 0.678735632183908, 'sensitivity': 0.6333333333333333, 'specificity': 0.7241379310344828, 'log_loss': 0.6153146279831391, 'confusion_matrix': [[21, 8], [11, 19]]}
motor_pd node_smote_raw {'auroc': 0.7655172413793104, 'average_precision': 0.8171263128322588, 'accuracy': 0.7288135593220338, 'balanced_accuracy': 0.728735632183908, 'sensitivity': 0.7333333333333333, 'specificity': 0.7241379310344828, 'log_loss': 0.5873193736187821, 'confusion_matrix': [[21, 8], [8, 22]]}
motor_pd node_smote_pretrained {'auroc': 0.7218390804597701, 'average_precision': 0.7352507651092338, 'accuracy': 0.6949152542372882, 'balanced_accuracy': 0.6954022988505747, 'sensitivity': 0.6666666666666666, 'specificity': 0.7241379310344828, 'log_loss': 0.6173049173103079, 'confusion_matrix': [[21, 8], [10, 20]]}
motor_updrs dummy_none_raw {'mae': 9.617055084745763, 'rmse': 11.071442448017535, 'r2': -0.009160523227757844}
motor_updrs xgboost_none_raw {'mae': 7.257566823797711, 'rmse': 9.041270367948059, 'r2': 0.32700668148857803}
motor_updrs xgboost_none_pretrained {'mae': 7.071840783297005, 'rmse': 8.848822552188764, 'r2': 0.35535174420172977}
motor_updrs random_forest_none_raw {'mae': 7.0893546890783155, 'rmse': 9.02653998140636, 'r2': 0.32919782844680656}
motor_updrs random_forest_none_pretrained {'mae': 6.98916813590349, 'rmse': 8.875638363444425, 'r2': 0.3514386904387109}
motor_updrs tabnet_none_raw {'mae': 9.12626257589308, 'rmse': 10.95991743223036, 'r2': 0.01106805865124938}
motor_updrs tabnet_none_pretrained {'mae': 9.228387848805573, 'rmse': 10.65417505883017, 'r2': 0.06547376808701155}
motor_updrs node_none_raw {'mae': 7.168273473190049, 'rmse': 9.27136413398389, 'r2': 0.2923164243090265}
motor_updrs node_none_pretrained {'mae': 7.9668651112055375, 'rmse': 9.817086432213777, 'r2': 0.20655455932833355}
cognitive_ci dummy_none_raw {'auroc': 0.43636363636363634, 'average_precision': 0.49783549783549785, 'accuracy': 0.5238095238095238, 'balanced_accuracy': 0.5, 'sensitivity': 1.0, 'specificity': 0.0, 'log_loss': 0.7034333015806818, 'confusion_matrix': [[0, 10], [0, 11]]}
cognitive_ci xgboost_none_raw {'auroc': 0.43636363636363634, 'average_precision': 0.49783549783549785, 'accuracy': 0.5238095238095238, 'balanced_accuracy': 0.5, 'sensitivity': 1.0, 'specificity': 0.0, 'log_loss': 0.7034333065477361, 'confusion_matrix': [[0, 10], [0, 11]]}
cognitive_ci xgboost_smote_raw {'auroc': 0.8227272727272728, 'average_precision': 0.7506427915518824, 'accuracy': 0.8095238095238095, 'balanced_accuracy': 0.8090909090909091, 'sensitivity': 0.8181818181818182, 'specificity': 0.8, 'log_loss': 0.515163581895025, 'confusion_matrix': [[8, 2], [2, 9]]}
cognitive_ci random_forest_none_raw {'auroc': 0.8090909090909091, 'average_precision': 0.8296244159880524, 'accuracy': 0.7142857142857143, 'balanced_accuracy': 0.7136363636363636, 'sensitivity': 0.7272727272727273, 'specificity': 0.7, 'log_loss': 0.6893502618116496, 'confusion_matrix': [[7, 3], [3, 8]]}
cognitive_ci random_forest_smote_raw {'auroc': 0.7545454545454545, 'average_precision': 0.6680722055722055, 'accuracy': 0.7142857142857143, 'balanced_accuracy': 0.7136363636363636, 'sensitivity': 0.7272727272727273, 'specificity': 0.7, 'log_loss': 0.929014993366887, 'confusion_matrix': [[7, 3], [3, 8]]}
cognitive_ci tabnet_none_raw {'auroc': 0.7272727272727273, 'average_precision': 0.8129817078346491, 'accuracy': 0.7142857142857143, 'balanced_accuracy': 0.7181818181818183, 'sensitivity': 0.6363636363636364, 'specificity': 0.8, 'log_loss': 0.6416453596932998, 'confusion_matrix': [[8, 2], [4, 7]]}
cognitive_ci tabnet_smote_raw {'auroc': 0.7454545454545455, 'average_precision': 0.8368896181061956, 'accuracy': 0.6666666666666666, 'balanced_accuracy': 0.6681818181818182, 'sensitivity': 0.6363636363636364, 'specificity': 0.7, 'log_loss': 0.6632823171709374, 'confusion_matrix': [[7, 3], [4, 7]]}
cognitive_ci node_none_raw {'auroc': 0.8545454545454545, 'average_precision': 0.8977633477633478, 'accuracy': 0.7142857142857143, 'balanced_accuracy': 0.7136363636363636, 'sensitivity': 0.7272727272727273, 'specificity': 0.7, 'log_loss': 0.5676804970845455, 'confusion_matrix': [[7, 3], [3, 8]]}
cognitive_ci node_smote_raw {'auroc': 0.8727272727272728, 'average_precision': 0.9047077922077924, 'accuracy': 0.7142857142857143, 'balanced_accuracy': 0.7136363636363636, 'sensitivity': 0.7272727272727273, 'specificity': 0.7, 'log_loss': 0.5704706201470768, 'confusion_matrix': [[7, 3], [3, 8]]}
tappy_self_report dummy_none_raw {'auroc': 0.4959988444316048, 'average_precision': 0.7216742160505791, 'accuracy': 0.7235576923076923, 'balanced_accuracy': 0.5, 'sensitivity': 1.0, 'specificity': 0.0, 'log_loss': 0.5895907029908035, 'confusion_matrix': [[0, 115], [0, 301]]}
tappy_self_report xgboost_none_raw {'auroc': 0.5882709807886755, 'average_precision': 0.7953918648408334, 'accuracy': 0.7163461538461539, 'balanced_accuracy': 0.5057633973710819, 'sensitivity': 0.9767441860465116, 'specificity': 0.034782608695652174, 'log_loss': 0.5792516887566946, 'confusion_matrix': [[4, 111], [7, 294]]}
tappy_self_report xgboost_none_pretrained {'auroc': 0.6003900043333815, 'average_precision': 0.7979888737119185, 'accuracy': 0.7259615384615384, 'balanced_accuracy': 0.5204680052000578, 'sensitivity': 0.9800664451827242, 'specificity': 0.06086956521739131, 'log_loss': 0.5756943014406348, 'confusion_matrix': [[7, 108], [6, 295]]}
tappy_self_report xgboost_smote_raw {'auroc': 0.5662718474649718, 'average_precision': 0.7769828748823082, 'accuracy': 0.5721153846153846, 'balanced_accuracy': 0.5484905387837643, 'sensitivity': 0.6013289036544851, 'specificity': 0.4956521739130435, 'log_loss': 0.6829719488918482, 'confusion_matrix': [[57, 58], [120, 181]]}
tappy_self_report xgboost_smote_pretrained {'auroc': 0.5670374115267948, 'average_precision': 0.7761735837078974, 'accuracy': 0.5576923076923077, 'balanced_accuracy': 0.5224035822620252, 'sensitivity': 0.6013289036544851, 'specificity': 0.4434782608695652, 'log_loss': 0.6779303717399656, 'confusion_matrix': [[51, 64], [120, 181]]}
tappy_self_report random_forest_none_raw {'auroc': 0.5970821898021089, 'average_precision': 0.794218102509221, 'accuracy': 0.7283653846153846, 'balanced_accuracy': 0.546309403437816, 'sensitivity': 0.9534883720930233, 'specificity': 0.1391304347826087, 'log_loss': 0.5851593080646735, 'confusion_matrix': [[16, 99], [14, 287]]}
tappy_self_report random_forest_none_pretrained {'auroc': 0.614473494149935, 'average_precision': 0.8038125367623906, 'accuracy': 0.7283653846153846, 'balanced_accuracy': 0.5543694929943666, 'sensitivity': 0.9435215946843853, 'specificity': 0.16521739130434782, 'log_loss': 0.574955341012269, 'confusion_matrix': [[19, 96], [17, 284]]}
tappy_self_report random_forest_smote_raw {'auroc': 0.5679040878231981, 'average_precision': 0.7774761786577626, 'accuracy': 0.5649038461538461, 'balanced_accuracy': 0.5488805431171457, 'sensitivity': 0.584717607973422, 'specificity': 0.5130434782608696, 'log_loss': 0.6990030653752898, 'confusion_matrix': [[59, 56], [125, 176]]}
tappy_self_report random_forest_smote_pretrained {'auroc': 0.563686263180702, 'average_precision': 0.7736344798884242, 'accuracy': 0.5673076923076923, 'balanced_accuracy': 0.5317347970533006, 'sensitivity': 0.6112956810631229, 'specificity': 0.45217391304347826, 'log_loss': 0.6910879241044601, 'confusion_matrix': [[52, 63], [117, 184]]}
tappy_self_report tabnet_none_raw {'auroc': 0.5666040733785931, 'average_precision': 0.7743435158512249, 'accuracy': 0.6586538461538461, 'balanced_accuracy': 0.5572439693774376, 'sensitivity': 0.7840531561461794, 'specificity': 0.33043478260869563, 'log_loss': 0.8890519193545029, 'confusion_matrix': [[38, 77], [65, 236]]}
tappy_self_report tabnet_none_pretrained {'auroc': 0.5317925754730608, 'average_precision': 0.7523920495623257, 'accuracy': 0.6129807692307693, 'balanced_accuracy': 0.49612884587606526, 'sensitivity': 0.7574750830564784, 'specificity': 0.23478260869565218, 'log_loss': 1.0603026645809073, 'confusion_matrix': [[27, 88], [73, 228]]}
tappy_self_report tabnet_smote_raw {'auroc': 0.5084789830998122, 'average_precision': 0.7001236445503735, 'accuracy': 0.5673076923076923, 'balanced_accuracy': 0.5290481005344504, 'sensitivity': 0.6146179401993356, 'specificity': 0.4434782608695652, 'log_loss': 0.9592723312915672, 'confusion_matrix': [[51, 64], [116, 185]]}
tappy_self_report tabnet_smote_pretrained {'auroc': 0.5089989888776543, 'average_precision': 0.7300731073875182, 'accuracy': 0.5336538461538461, 'balanced_accuracy': 0.492358803986711, 'sensitivity': 0.584717607973422, 'specificity': 0.4, 'log_loss': 0.8826995947498962, 'confusion_matrix': [[46, 69], [125, 176]]}
tappy_self_report node_none_raw {'auroc': 0.5708507872309692, 'average_precision': 0.7679793642151291, 'accuracy': 0.71875, 'balanced_accuracy': 0.4993644373826376, 'sensitivity': 0.9900332225913622, 'specificity': 0.008695652173913044, 'log_loss': 0.5816514185913996, 'confusion_matrix': [[1, 114], [3, 298]]}
tappy_self_report node_none_pretrained {'auroc': 0.5251769464105156, 'average_precision': 0.7455376839612898, 'accuracy': 0.7235576923076923, 'balanced_accuracy': 0.5, 'sensitivity': 1.0, 'specificity': 0.0, 'log_loss': 0.5889302645299541, 'confusion_matrix': [[0, 115], [0, 301]]}
tappy_self_report node_smote_raw {'auroc': 0.5988444316047956, 'average_precision': 0.8058377682965668, 'accuracy': 0.5745192307692307, 'balanced_accuracy': 0.555525061389571, 'sensitivity': 0.5980066445182725, 'specificity': 0.5130434782608696, 'log_loss': 0.6755380555686282, 'confusion_matrix': [[59, 56], [121, 180]]}
tappy_self_report node_smote_pretrained {'auroc': 0.5623284703163368, 'average_precision': 0.781817699419378, 'accuracy': 0.5432692307692307, 'balanced_accuracy': 0.509750108334537, 'sensitivity': 0.584717607973422, 'specificity': 0.43478260869565216, 'log_loss': 0.6768216662919928, 'confusion_matrix': [[50, 65], [125, 176]]}
