device=mps
reusing split synthetic_impairment_protocol_v4_64x512_unseen_triplet_manifest.json
train=61,627  val=6,847  test=17,119  held-out=83,000
distance-reg second_lstm+affine  params=131,586  targets=0,0.3,0.6,1  classes=normal,mild,moderate,severe  chance=0.25  select=val MAE  loss=SmoothL1 on each (baseline_i, query) pair  score=mean pairwise ||g_i-q||  lr0=0.0025 lr1=0.025  batch=512  steps=32  G=10
ep 005  loss=0.057  mae=0.269  acc=0.336  gnorm=0.010  scale=0.4097  lr0=0.0025 lr1=0.025
  val nearest-target acc=0.337 (normal=0.001 mild=0.740 moderate=0.450 severe=0.157)
  val conf normal[normal=0.00 mild=0.80 moderate=0.19 severe=0.00]  mild[normal=0.00 mild=0.74 moderate=0.26 severe=0.00]  moderate[normal=0.00 mild=0.53 moderate=0.45 severe=0.02]  severe[normal=0.00 mild=0.25 moderate=0.59 severe=0.16]
  val mae=0.265  pearson=0.515  spearman=0.468
  val mean-d (normal=0.376 mild=0.395 moderate=0.461 severe=0.596)
  val  overall 33.42%±12.9  mild 44.18%±13.2  moderate 32.37%±17.7  severe 17.61%±17.5
ep 010  loss=0.052  mae=0.257  acc=0.354  gnorm=0.008  scale=0.3456  lr0=0.0025 lr1=0.025
  val nearest-target acc=0.362 (normal=0.001 mild=0.779 moderate=0.440 severe=0.230)
  val conf normal[normal=0.00 mild=0.86 moderate=0.14 severe=0.00]  mild[normal=0.00 mild=0.78 moderate=0.22 severe=0.00]  moderate[normal=0.00 mild=0.53 moderate=0.44 severe=0.03]  severe[normal=0.00 mild=0.23 moderate=0.54 severe=0.23]
  val mae=0.251  pearson=0.574  spearman=0.529
  val mean-d (normal=0.355 mild=0.381 moderate=0.467 severe=0.633)
  val  overall 30.34%±12.8  mild 42.29%±13.7  moderate 28.16%±18.1  severe 13.20%±16.2
ep 015  loss=0.048  mae=0.247  acc=0.371  gnorm=0.010  scale=0.3171  lr0=0.0025 lr1=0.025
  val nearest-target acc=0.377 (normal=0.001 mild=0.808 moderate=0.414 severe=0.286)
  val conf normal[normal=0.00 mild=0.90 moderate=0.10 severe=0.00]  mild[normal=0.00 mild=0.81 moderate=0.19 severe=0.00]  moderate[normal=0.00 mild=0.54 moderate=0.41 severe=0.05]  severe[normal=0.00 mild=0.22 moderate=0.49 severe=0.29]
  val mae=0.242  pearson=0.602  spearman=0.560
  val mean-d (normal=0.337 mild=0.368 moderate=0.468 severe=0.655)
  val  overall 28.58%±12.7  mild 40.90%±14.1  moderate 25.86%±17.9  severe 11.29%±15.1
ep 020  loss=0.046  mae=0.241  acc=0.386  gnorm=0.011  scale=0.2978  lr0=0.0025 lr1=0.025
  val nearest-target acc=0.384 (normal=0.001 mild=0.807 moderate=0.433 severe=0.295)
  val conf normal[normal=0.00 mild=0.91 moderate=0.09 severe=0.00]  mild[normal=0.00 mild=0.81 moderate=0.19 severe=0.00]  moderate[normal=0.00 mild=0.52 moderate=0.43 severe=0.05]  severe[normal=0.00 mild=0.20 moderate=0.50 severe=0.30]
  val mae=0.238  pearson=0.625  spearman=0.583
  val mean-d (normal=0.330 mild=0.367 moderate=0.475 severe=0.661)
  val  overall 27.05%±12.4  mild 39.49%±14.4  moderate 23.99%±17.6  severe 9.78%±14.1
ep 025  loss=0.045  mae=0.239  acc=0.386  gnorm=0.010  scale=0.2914  lr0=0.0025 lr1=0.025
  val nearest-target acc=0.391 (normal=0.003 mild=0.827 moderate=0.402 severe=0.334)
  val conf normal[normal=0.00 mild=0.93 moderate=0.07 severe=0.00]  mild[normal=0.00 mild=0.83 moderate=0.17 severe=0.00]  moderate[normal=0.00 mild=0.53 moderate=0.40 severe=0.06]  severe[normal=0.00 mild=0.21 moderate=0.46 severe=0.33]
  val mae=0.233  pearson=0.634  spearman=0.594
  val mean-d (normal=0.314 mild=0.355 moderate=0.473 severe=0.672)
  val  overall 26.12%±12.3  mild 38.42%±14.4  moderate 22.89%±17.4  severe 9.17%±13.6
ep 030  loss=0.044  mae=0.235  acc=0.392  gnorm=0.013  scale=0.2926  lr0=0.0025 lr1=0.025
  val nearest-target acc=0.401 (normal=0.003 mild=0.811 moderate=0.417 severe=0.371)
  val conf normal[normal=0.00 mild=0.92 moderate=0.07 severe=0.00]  mild[normal=0.00 mild=0.81 moderate=0.18 severe=0.00]  moderate[normal=0.00 mild=0.51 moderate=0.42 severe=0.08]  severe[normal=0.00 mild=0.19 moderate=0.44 severe=0.37]
  val mae=0.229  pearson=0.648  spearman=0.609
  val mean-d (normal=0.314 mild=0.360 moderate=0.486 severe=0.692)
  val  overall 25.28%±12.1  mild 37.38%±14.5  moderate 21.81%±17.1  severe 8.49%±13.0
ep 035  loss=0.043  mae=0.232  acc=0.395  gnorm=0.012  scale=0.2871  lr0=0.0025 lr1=0.025
  val nearest-target acc=0.403 (normal=0.004 mild=0.800 moderate=0.429 severe=0.380)
  val conf normal[normal=0.00 mild=0.92 moderate=0.08 severe=0.00]  mild[normal=0.00 mild=0.80 moderate=0.20 severe=0.00]  moderate[normal=0.00 mild=0.49 moderate=0.43 severe=0.08]  severe[normal=0.00 mild=0.18 moderate=0.44 severe=0.38]
  val mae=0.227  pearson=0.657  spearman=0.619
  val mean-d (normal=0.314 mild=0.364 moderate=0.492 severe=0.697)
  val  overall 24.63%±12.0  mild 36.51%±14.6  moderate 21.02%±16.8  severe 8.01%±12.7
ep 040  loss=0.043  mae=0.231  acc=0.397  gnorm=0.013  scale=0.2907  lr0=0.0025 lr1=0.025
  val nearest-target acc=0.407 (normal=0.005 mild=0.807 moderate=0.416 severe=0.401)
  val conf normal[normal=0.00 mild=0.93 moderate=0.06 severe=0.00]  mild[normal=0.00 mild=0.81 moderate=0.19 severe=0.00]  moderate[normal=0.00 mild=0.50 moderate=0.42 severe=0.09]  severe[normal=0.00 mild=0.18 moderate=0.42 severe=0.40]
  val mae=0.224  pearson=0.663  spearman=0.627
  val mean-d (normal=0.304 mild=0.359 moderate=0.491 severe=0.705)
  val  overall 23.89%±12.0  mild 35.41%±14.5  moderate 20.28%±16.7  severe 7.62%±12.5
ep 045  loss=0.042  mae=0.227  acc=0.402  gnorm=0.011  scale=0.2865  lr0=0.0025 lr1=0.025
  val nearest-target acc=0.404 (normal=0.009 mild=0.823 moderate=0.416 severe=0.370)
  val conf normal[normal=0.01 mild=0.94 moderate=0.05 severe=0.00]  mild[normal=0.00 mild=0.82 moderate=0.17 severe=0.00]  moderate[normal=0.00 mild=0.51 moderate=0.42 severe=0.07]  severe[normal=0.00 mild=0.19 moderate=0.44 severe=0.37]
  val mae=0.224  pearson=0.670  spearman=0.638
  val mean-d (normal=0.292 mild=0.350 moderate=0.479 severe=0.687)
  val  overall 23.01%±11.8  mild 34.18%±14.7  moderate 19.50%±16.3  severe 7.38%±12.3
ep 050  loss=0.041  mae=0.225  acc=0.404  gnorm=0.012  scale=0.2938  lr0=0.0025 lr1=0.025
  val nearest-target acc=0.413 (normal=0.034 mild=0.821 moderate=0.396 severe=0.401)
  val conf normal[normal=0.03 mild=0.92 moderate=0.05 severe=0.00]  mild[normal=0.01 mild=0.82 moderate=0.16 severe=0.00]  moderate[normal=0.00 mild=0.52 moderate=0.40 severe=0.08]  severe[normal=0.00 mild=0.19 moderate=0.41 severe=0.40]
  val mae=0.221  pearson=0.674  spearman=0.640
  val mean-d (normal=0.274 mild=0.337 moderate=0.477 severe=0.696)
  val  overall 22.63%±11.9  mild 33.96%±14.9  moderate 19.12%±16.3  severe 7.06%±12.0
ep 055  loss=0.041  mae=0.226  acc=0.400  gnorm=0.013  scale=0.2959  lr0=0.0025 lr1=0.025
  val nearest-target acc=0.415 (normal=0.021 mild=0.811 moderate=0.401 severe=0.427)
  val conf normal[normal=0.02 mild=0.93 moderate=0.05 severe=0.00]  mild[normal=0.01 mild=0.81 moderate=0.18 severe=0.00]  moderate[normal=0.00 mild=0.50 moderate=0.40 severe=0.10]  severe[normal=0.00 mild=0.18 moderate=0.39 severe=0.43]
  val mae=0.219  pearson=0.678  spearman=0.646
  val mean-d (normal=0.282 mild=0.348 moderate=0.489 severe=0.710)
  val  overall 22.12%±11.7  mild 33.21%±14.7  moderate 18.63%±15.9  severe 6.91%±11.9
ep 060  loss=0.041  mae=0.225  acc=0.403  gnorm=0.015  scale=0.3045  lr0=0.0025 lr1=0.025
  val nearest-target acc=0.415 (normal=0.022 mild=0.800 moderate=0.421 severe=0.419)
  val conf normal[normal=0.02 mild=0.93 moderate=0.05 severe=0.00]  mild[normal=0.01 mild=0.80 moderate=0.19 severe=0.00]  moderate[normal=0.00 mild=0.49 moderate=0.42 severe=0.09]  severe[normal=0.00 mild=0.17 moderate=0.41 severe=0.42]
  val mae=0.218  pearson=0.682  spearman=0.653
  val mean-d (normal=0.284 mild=0.354 moderate=0.492 severe=0.712)
  val  overall 21.50%±11.7  mild 32.09%±14.7  moderate 18.04%±15.7  severe 6.66%±11.5
ep 065  loss=0.040  mae=0.222  acc=0.407  gnorm=0.015  scale=0.3028  lr0=0.0025 lr1=0.025
  val nearest-target acc=0.419 (normal=0.034 mild=0.796 moderate=0.415 severe=0.432)
  val conf normal[normal=0.03 mild=0.92 moderate=0.05 severe=0.00]  mild[normal=0.01 mild=0.80 moderate=0.19 severe=0.00]  moderate[normal=0.00 mild=0.48 moderate=0.41 severe=0.10]  severe[normal=0.00 mild=0.17 moderate=0.40 severe=0.43]
  val mae=0.217  pearson=0.686  spearman=0.654
  val mean-d (normal=0.275 mild=0.349 moderate=0.494 severe=0.712)
  val  overall 21.26%±11.7  mild 31.91%±14.7  moderate 17.80%±15.6  severe 6.46%±11.4
ep 070  loss=0.040  mae=0.222  acc=0.411  gnorm=0.012  scale=0.3025  lr0=0.0025 lr1=0.025
  val nearest-target acc=0.418 (normal=0.025 mild=0.788 moderate=0.435 severe=0.425)
  val conf normal[normal=0.03 mild=0.92 moderate=0.05 severe=0.00]  mild[normal=0.01 mild=0.79 moderate=0.20 severe=0.00]  moderate[normal=0.00 mild=0.47 moderate=0.44 severe=0.09]  severe[normal=0.00 mild=0.16 moderate=0.41 severe=0.43]
  val mae=0.217  pearson=0.690  spearman=0.659
  val mean-d (normal=0.281 mild=0.356 moderate=0.499 severe=0.711)
  val  overall 20.91%±11.7  mild 31.55%±14.8  moderate 17.43%±15.5  severe 6.33%±11.4
