motor_pd dummy_none_raw {'auroc': 0.43636363636363634, 'average_precision': 0.49783549783549785, 'accuracy': 0.5238095238095238, 'balanced_accuracy': 0.5, 'sensitivity': 1.0, 'specificity': 0.0, 'log_loss': 0.7034333015806818, 'confusion_matrix': [[0, 10], [0, 11]]}
motor_pd xgboost_none_raw {'auroc': 1.0, 'average_precision': 1.0, 'accuracy': 1.0, 'balanced_accuracy': 1.0, 'sensitivity': 1.0, 'specificity': 1.0, 'log_loss': 0.11658161840509085, 'confusion_matrix': [[10, 0], [0, 11]]}
motor_pd xgboost_none_pretrained {'auroc': 1.0, 'average_precision': 1.0, 'accuracy': 1.0, 'balanced_accuracy': 1.0, 'sensitivity': 1.0, 'specificity': 1.0, 'log_loss': 0.11658161840509085, 'confusion_matrix': [[10, 0], [0, 11]]}
motor_pd xgboost_rose20_raw {'auroc': 1.0, 'average_precision': 1.0, 'accuracy': 1.0, 'balanced_accuracy': 1.0, 'sensitivity': 1.0, 'specificity': 1.0, 'log_loss': 0.09861477505628943, 'confusion_matrix': [[10, 0], [0, 11]]}
motor_pd xgboost_rose20_pretrained {'auroc': 1.0, 'average_precision': 1.0, 'accuracy': 1.0, 'balanced_accuracy': 1.0, 'sensitivity': 1.0, 'specificity': 1.0, 'log_loss': 0.09861477505628943, 'confusion_matrix': [[10, 0], [0, 11]]}
motor_pd xgboost_rose100_raw {'auroc': 1.0, 'average_precision': 1.0, 'accuracy': 1.0, 'balanced_accuracy': 1.0, 'sensitivity': 1.0, 'specificity': 1.0, 'log_loss': 0.06600181439367393, 'confusion_matrix': [[10, 0], [0, 11]]}
motor_pd xgboost_rose100_pretrained {'auroc': 1.0, 'average_precision': 1.0, 'accuracy': 1.0, 'balanced_accuracy': 1.0, 'sensitivity': 1.0, 'specificity': 1.0, 'log_loss': 0.06600181439367393, 'confusion_matrix': [[10, 0], [0, 11]]}
motor_pd random_forest_none_raw {'auroc': 1.0, 'average_precision': 1.0, 'accuracy': 1.0, 'balanced_accuracy': 1.0, 'sensitivity': 1.0, 'specificity': 1.0, 'log_loss': 0.014196145413392557, 'confusion_matrix': [[10, 0], [0, 11]]}
motor_pd random_forest_none_pretrained {'auroc': 1.0, 'average_precision': 1.0, 'accuracy': 1.0, 'balanced_accuracy': 1.0, 'sensitivity': 1.0, 'specificity': 1.0, 'log_loss': 0.016386545037745982, 'confusion_matrix': [[10, 0], [0, 11]]}
motor_pd random_forest_rose20_raw {'auroc': 1.0, 'average_precision': 1.0, 'accuracy': 1.0, 'balanced_accuracy': 1.0, 'sensitivity': 1.0, 'specificity': 1.0, 'log_loss': 0.014050251861723947, 'confusion_matrix': [[10, 0], [0, 11]]}
motor_pd random_forest_rose20_pretrained {'auroc': 1.0, 'average_precision': 1.0, 'accuracy': 1.0, 'balanced_accuracy': 1.0, 'sensitivity': 1.0, 'specificity': 1.0, 'log_loss': 0.016240471924683437, 'confusion_matrix': [[10, 0], [0, 11]]}
motor_pd random_forest_rose100_raw {'auroc': 1.0, 'average_precision': 1.0, 'accuracy': 1.0, 'balanced_accuracy': 1.0, 'sensitivity': 1.0, 'specificity': 1.0, 'log_loss': 0.014560604546135994, 'confusion_matrix': [[10, 0], [0, 11]]}
motor_pd random_forest_rose100_pretrained {'auroc': 1.0, 'average_precision': 1.0, 'accuracy': 1.0, 'balanced_accuracy': 1.0, 'sensitivity': 1.0, 'specificity': 1.0, 'log_loss': 0.016635133624166364, 'confusion_matrix': [[10, 0], [0, 11]]}
motor_pd tabnet_none_raw {'auroc': 1.0, 'average_precision': 1.0, 'accuracy': 0.9523809523809523, 'balanced_accuracy': 0.95, 'sensitivity': 1.0, 'specificity': 0.9, 'log_loss': 0.6835557200250829, 'confusion_matrix': [[9, 1], [0, 11]]}
motor_pd tabnet_none_pretrained {'auroc': 1.0, 'average_precision': 1.0, 'accuracy': 1.0, 'balanced_accuracy': 1.0, 'sensitivity': 1.0, 'specificity': 1.0, 'log_loss': 0.6849202466752699, 'confusion_matrix': [[10, 0], [0, 11]]}
motor_pd tabnet_rose20_raw {'auroc': 1.0, 'average_precision': 1.0, 'accuracy': 0.9047619047619048, 'balanced_accuracy': 0.9, 'sensitivity': 1.0, 'specificity': 0.8, 'log_loss': 0.6830851269842981, 'confusion_matrix': [[8, 2], [0, 11]]}
motor_pd tabnet_rose20_pretrained {'auroc': 1.0, 'average_precision': 1.0, 'accuracy': 1.0, 'balanced_accuracy': 1.0, 'sensitivity': 1.0, 'specificity': 1.0, 'log_loss': 0.6846172393362118, 'confusion_matrix': [[10, 0], [0, 11]]}
motor_pd tabnet_rose100_raw {'auroc': 1.0, 'average_precision': 1.0, 'accuracy': 0.9523809523809523, 'balanced_accuracy': 0.95, 'sensitivity': 1.0, 'specificity': 0.9, 'log_loss': 0.6821125741241241, 'confusion_matrix': [[9, 1], [0, 11]]}
motor_pd tabnet_rose100_pretrained {'auroc': 1.0, 'average_precision': 1.0, 'accuracy': 1.0, 'balanced_accuracy': 1.0, 'sensitivity': 1.0, 'specificity': 1.0, 'log_loss': 0.6837895782427237, 'confusion_matrix': [[10, 0], [0, 11]]}
motor_pd node_none_raw {'auroc': 0.9272727272727274, 'average_precision': 0.9328688987779898, 'accuracy': 0.5238095238095238, 'balanced_accuracy': 0.5, 'sensitivity': 1.0, 'specificity': 0.0, 'log_loss': 0.6817418257328263, 'confusion_matrix': [[0, 10], [0, 11]]}
motor_pd node_none_pretrained {'auroc': 0.7545454545454546, 'average_precision': 0.8116522366522367, 'accuracy': 0.47619047619047616, 'balanced_accuracy': 0.5, 'sensitivity': 0.0, 'specificity': 1.0, 'log_loss': 0.6906432419473013, 'confusion_matrix': [[10, 0], [11, 0]]}
motor_pd node_rose20_raw {'auroc': 0.9272727272727272, 'average_precision': 0.9456876456876457, 'accuracy': 0.5238095238095238, 'balanced_accuracy': 0.5, 'sensitivity': 1.0, 'specificity': 0.0, 'log_loss': 0.6850438761773439, 'confusion_matrix': [[0, 10], [0, 11]]}
motor_pd node_rose20_pretrained {'auroc': 0.509090909090909, 'average_precision': 0.6260058568882099, 'accuracy': 0.47619047619047616, 'balanced_accuracy': 0.5, 'sensitivity': 0.0, 'specificity': 1.0, 'log_loss': 0.6948888329345061, 'confusion_matrix': [[10, 0], [11, 0]]}
motor_pd node_rose100_raw {'auroc': 0.24545454545454545, 'average_precision': 0.4071602194596847, 'accuracy': 0.5238095238095238, 'balanced_accuracy': 0.5, 'sensitivity': 1.0, 'specificity': 0.0, 'log_loss': 0.6960141018392539, 'confusion_matrix': [[0, 10], [0, 11]]}
motor_pd node_rose100_pretrained {'auroc': 0.02727272727272728, 'average_precision': 0.351835127376923, 'accuracy': 0.23809523809523808, 'balanced_accuracy': 0.25, 'sensitivity': 0.0, 'specificity': 0.5, 'log_loss': 0.707371977623866, 'confusion_matrix': [[5, 5], [11, 0]]}
Evaluated all 25 candidates for motor_pd
Reported all 25 candidates from stored metrics; no fitting or prediction.
Combined real + synthetic dataset: {'train': {'real_rows': 105, 'synthetic_rows': 100, 'rows': 205, 'source_people': 21}, 'validation': {'real_rows': 15, 'synthetic_rows': 20, 'rows': 35, 'source_people': 3}, 'test': {'real_rows': 30, 'synthetic_rows': 40, 'rows': 70, 'source_people': 6}}; evaluated all 25 candidates.
PASS: all 25 candidates, training-only generation/scaling, shared synthetic data, disjoint source roles, real and synthetic evaluation, constant-reference ties.
